Archive member included because of file (symbol)

/usr/local/bin/../lib/gcc/arm-none-eabi/4.9.3/../../../../arm-none-eabi/lib/armv7e-m/fpu/libg.a(lib_a-ctype_.o)
                              build/parser.o (__ctype_ptr__)
/usr/local/bin/../lib/gcc/arm-none-eabi/4.9.3/../../../../arm-none-eabi/lib/armv7e-m/fpu/libg.a(lib_a-errno.o)
                              build/syscall.o (__errno)
/usr/local/bin/../lib/gcc/arm-none-eabi/4.9.3/../../../../arm-none-eabi/lib/armv7e-m/fpu/libg.a(lib_a-exit.o)
                              /usr/local/bin/../lib/gcc/arm-none-eabi/4.9.3/../../../../arm-none-eabi/lib/armv7e-m/fpu/crt0.o (exit)
/usr/local/bin/../lib/gcc/arm-none-eabi/4.9.3/../../../../arm-none-eabi/lib/armv7e-m/fpu/libg.a(lib_a-impure.o)
                              /usr/local/bin/../lib/gcc/arm-none-eabi/4.9.3/../../../../arm-none-eabi/lib/armv7e-m/fpu/libg.a(lib_a-exit.o) (_global_impure_ptr)
/usr/local/bin/../lib/gcc/arm-none-eabi/4.9.3/../../../../arm-none-eabi/lib/armv7e-m/fpu/libg.a(lib_a-init.o)
                              /usr/local/bin/../lib/gcc/arm-none-eabi/4.9.3/../../../../arm-none-eabi/lib/armv7e-m/fpu/crt0.o (__libc_init_array)
/usr/local/bin/../lib/gcc/arm-none-eabi/4.9.3/../../../../arm-none-eabi/lib/armv7e-m/fpu/libg.a(lib_a-memset.o)
                              /usr/local/bin/../lib/gcc/arm-none-eabi/4.9.3/../../../../arm-none-eabi/lib/armv7e-m/fpu/crt0.o (memset)
/usr/local/bin/../lib/gcc/arm-none-eabi/4.9.3/../../../../arm-none-eabi/lib/armv7e-m/fpu/libg.a(lib_a-printf.o)
                              build/main.o (printf)
/usr/local/bin/../lib/gcc/arm-none-eabi/4.9.3/../../../../arm-none-eabi/lib/armv7e-m/fpu/libg.a(lib_a-putchar.o)
                              build/parser.o (putchar)
/usr/local/bin/../lib/gcc/arm-none-eabi/4.9.3/../../../../arm-none-eabi/lib/armv7e-m/fpu/libg.a(lib_a-puts.o)
                              build/main.o (puts)
/usr/local/bin/../lib/gcc/arm-none-eabi/4.9.3/../../../../arm-none-eabi/lib/armv7e-m/fpu/libg.a(lib_a-setvbuf.o)
                              build/terminal.o (setvbuf)
/usr/local/bin/../lib/gcc/arm-none-eabi/4.9.3/../../../../arm-none-eabi/lib/armv7e-m/fpu/libg.a(lib_a-strcasecmp.o)
                              build/parser.o (strcasecmp)
/usr/local/bin/../lib/gcc/arm-none-eabi/4.9.3/../../../../arm-none-eabi/lib/armv7e-m/fpu/libg.a(lib_a-strcpy.o)
                              build/parser.o (strcpy)
/usr/local/bin/../lib/gcc/arm-none-eabi/4.9.3/../../../../arm-none-eabi/lib/armv7e-m/fpu/libg.a(lib_a-strlen.o)
                              build/parser.o (strlen)
/usr/local/bin/../lib/gcc/arm-none-eabi/4.9.3/../../../../arm-none-eabi/lib/armv7e-m/fpu/libg.a(lib_a-strtok.o)
                              build/parser.o (strtok)
/usr/local/bin/../lib/gcc/arm-none-eabi/4.9.3/../../../../arm-none-eabi/lib/armv7e-m/fpu/libg.a(lib_a-strtok_r.o)
                              /usr/local/bin/../lib/gcc/arm-none-eabi/4.9.3/../../../../arm-none-eabi/lib/armv7e-m/fpu/libg.a(lib_a-strtok.o) (__strtok_r)
/usr/local/bin/../lib/gcc/arm-none-eabi/4.9.3/../../../../arm-none-eabi/lib/armv7e-m/fpu/libg.a(lib_a-strtol.o)
                              build/parser.o (strtol)
/usr/local/bin/../lib/gcc/arm-none-eabi/4.9.3/../../../../arm-none-eabi/lib/armv7e-m/fpu/libg.a(lib_a-strtoul.o)
                              build/parser.o (strtoul)
/usr/local/bin/../lib/gcc/arm-none-eabi/4.9.3/../../../../arm-none-eabi/lib/armv7e-m/fpu/libg.a(lib_a-vfprintf.o)
                              /usr/local/bin/../lib/gcc/arm-none-eabi/4.9.3/../../../../arm-none-eabi/lib/armv7e-m/fpu/libg.a(lib_a-printf.o) (_vfprintf_r)
/usr/local/bin/../lib/gcc/arm-none-eabi/4.9.3/../../../../arm-none-eabi/lib/armv7e-m/fpu/libg.a(lib_a-wsetup.o)
                              /usr/local/bin/../lib/gcc/arm-none-eabi/4.9.3/../../../../arm-none-eabi/lib/armv7e-m/fpu/libg.a(lib_a-vfprintf.o) (__swsetup_r)
/usr/local/bin/../lib/gcc/arm-none-eabi/4.9.3/../../../../arm-none-eabi/lib/armv7e-m/fpu/libg.a(lib_a-__call_atexit.o)
                              /usr/local/bin/../lib/gcc/arm-none-eabi/4.9.3/../../../../arm-none-eabi/lib/armv7e-m/fpu/libg.a(lib_a-exit.o) (__call_exitprocs)
/usr/local/bin/../lib/gcc/arm-none-eabi/4.9.3/../../../../arm-none-eabi/lib/armv7e-m/fpu/libg.a(lib_a-atexit.o)
                              /usr/local/bin/../lib/gcc/arm-none-eabi/4.9.3/../../../../arm-none-eabi/lib/armv7e-m/fpu/libg.a(lib_a-__call_atexit.o) (atexit)
/usr/local/bin/../lib/gcc/arm-none-eabi/4.9.3/../../../../arm-none-eabi/lib/armv7e-m/fpu/libg.a(lib_a-dtoa.o)
                              /usr/local/bin/../lib/gcc/arm-none-eabi/4.9.3/../../../../arm-none-eabi/lib/armv7e-m/fpu/libg.a(lib_a-vfprintf.o) (_dtoa_r)
/usr/local/bin/../lib/gcc/arm-none-eabi/4.9.3/../../../../arm-none-eabi/lib/armv7e-m/fpu/libg.a(lib_a-fflush.o)
                              /usr/local/bin/../lib/gcc/arm-none-eabi/4.9.3/../../../../arm-none-eabi/lib/armv7e-m/fpu/libg.a(lib_a-setvbuf.o) (_fflush_r)
[...]
Memory Configuration

Name             Origin             Length             Attributes
FLASH            0x0000000008000000 0x0000000000040000 xr
RAM              0x0000000020000000 0x000000000000a000 xrw
CCMRAM           0x0000000010000000 0x0000000000002000 rw
*default*        0x0000000000000000 0xffffffffffffffff

Linker script and memory map

LOAD /usr/local/bin/../lib/gcc/arm-none-eabi/4.9.3/armv7e-m/fpu/crti.o
LOAD /usr/local/bin/../lib/gcc/arm-none-eabi/4.9.3/armv7e-m/fpu/crtbegin.o
LOAD /usr/local/bin/../lib/gcc/arm-none-eabi/4.9.3/../../../../arm-none-eabi/lib/armv7e-m/fpu/crt0.o
LOAD build/main.o
LOAD build/PWM.o
LOAD build/coopTaskExecutive.o
LOAD build/coopTaskTest.o
LOAD build/mycode.o
LOAD build/mytest.o
LOAD build/lcd2.o
LOAD build/monitor.o
LOAD build/parser.o
LOAD build/dump.o
LOAD build/syscall.o
LOAD build/terminal.o
LOAD build/decoder/decoder.o
LOAD build/decoder/STM32F30x_decoder.o
LOAD build/Drivers/CMSIS/Device/ST/STM32F3xx/Source/Templates/system_stm32f3xx.o
LOAD build/Drivers/STM32F3xx_HAL_Driver/Src/stm32f3xx_hal_rcc.o
LOAD build/Drivers/STM32F3xx_HAL_Driver/Src/stm32f3xx_hal.o
LOAD build/Drivers/STM32F3xx_HAL_Driver/Src/stm32f3xx_hal_cortex.o
LOAD build/Drivers/STM32F3xx_HAL_Driver/Src/stm32f3xx_hal_uart.o
LOAD build/Drivers/STM32F3xx_HAL_Driver/Src/stm32f3xx_hal_gpio.o
LOAD build/Drivers/STM32F3xx_HAL_Driver/Src/stm32f3xx_hal_pcd.o
LOAD build/Drivers/STM32F3xx_HAL_Driver/Src/stm32f3xx_hal_pcd_ex.o
LOAD build/Drivers/STM32F3xx_HAL_Driver/Src/stm32f3xx_hal_i2c.o
LOAD build/Drivers/STM32F3xx_HAL_Driver/Src/stm32f3xx_hal_spi.o
LOAD build/Drivers/STM32F3xx_HAL_Driver/Src/stm32f3xx_hal_adc.o
LOAD build/Drivers/STM32F3xx_HAL_Driver/Src/stm32f3xx_hal_adc_ex.o
LOAD build/Drivers/STM32F3xx_HAL_Driver/Src/stm32f3xx_hal_dac.o
LOAD build/Drivers/STM32F3xx_HAL_Driver/Src/stm32f3xx_hal_dac_ex.o
LOAD build/Drivers/STM32F3xx_HAL_Driver/Src/stm32f3xx_hal_tim.o
LOAD build/Drivers/STM32F3xx_HAL_Driver/Src/stm32f3xx_hal_tim_ex.o
LOAD build/Drivers/STM32_USB_Device_Library/Core/Src/usbd_core.o
LOAD build/Drivers/STM32_USB_Device_Library/Core/Src/usbd_ctlreq.o
LOAD build/Drivers/STM32_USB_Device_Library/Core/Src/usbd_ioreq.o
LOAD build/Drivers/STM32_USB_Device_Library/Class/CDC/Src/usbd_cdc.o
LOAD build/usbd_conf.o
LOAD build/usbd_desc.o
LOAD build/usbd_cdc_interface.o
LOAD build/Drivers/BSP/STM32F3-Discovery/stm32f3_discovery.o
LOAD build/Drivers/BSP/STM32F3-Discovery/stm32f3_discovery_accelerometer.o
LOAD build/Drivers/BSP/STM32F3-Discovery/stm32f3_discovery_gyroscope.o
LOAD build/Drivers/BSP/Components/lsm303dlhc/lsm303dlhc.o
LOAD build/Drivers/BSP/Components/l3gd20/l3gd20.o
LOAD build/Drivers/CMSIS/Device/ST/STM32F3xx/Source/Templates/gcc/startup_stm32f303xc.o
START GROUP
LOAD /usr/local/bin/../lib/gcc/arm-none-eabi/4.9.3/armv7e-m/fpu/libgcc.a
LOAD /usr/local/bin/../lib/gcc/arm-none-eabi/4.9.3/../../../../arm-none-eabi/lib/armv7e-m/fpu/libg.a
LOAD /usr/local/bin/../lib/gcc/arm-none-eabi/4.9.3/../../../../arm-none-eabi/lib/armv7e-m/fpu/libc.a
END GROUP
LOAD /usr/local/bin/../lib/gcc/arm-none-eabi/4.9.3/armv7e-m/fpu/crtend.o
LOAD /usr/local/bin/../lib/gcc/arm-none-eabi/4.9.3/armv7e-m/fpu/crtn.o
                0x0000000020008000                _estack = 0x20008000
                0x0000000000001000                _Min_Heap_Size = 0x1000
                0x0000000000000400                _Min_Stack_Size = 0x400

.isr_vector     0x0000000008000000      0x188
                0x0000000008000000                . = ALIGN (0x4)
 *(.isr_vector)
 .isr_vector    0x0000000008000000      0x188 build/Drivers/CMSIS/Device/ST/STM32F3xx/Source/Templates/gcc/startup_stm32f303xc.o
                0x0000000008000000                g_pfnVectors
                0x0000000008000188                . = ALIGN (0x4)

.text           0x0000000008000188     0xa26c
                0x0000000008000188                . = ALIGN (0x4)
 *(.text)
 .text          0x0000000008000188       0x5c /usr/local/bin/../lib/gcc/arm-none-eabi/4.9.3/armv7e-m/fpu/crtbegin.o
 .text          0x00000000080001e4       0x3c build/mycode.o
                0x00000000080001e4                mytest
                0x00000000080001fc                my_Tick
                0x0000000008000210                my_Loop
                0x0000000008000214                my_Init
 .text          0x0000000008000220      0x134 /usr/local/bin/../lib/gcc/arm-none-eabi/4.9.3/../../../../arm-none-eabi/lib/armv7e-m/fpu/libg.a(lib_a-memcpy.o)
                0x0000000008000220                memcpy
 .text          0x0000000008000354      0x370 /usr/local/bin/../lib/gcc/arm-none-eabi/4.9.3/armv7e-m/fpu/libgcc.a(_arm_addsubdf3.o)
                0x0000000008000354                __aeabi_drsub
                0x000000000800035c                __aeabi_dsub
                0x000000000800035c                __subdf3
                0x0000000008000360                __adddf3
                0x0000000008000360                __aeabi_dadd
                0x00000000080005d8                __aeabi_ui2d
                0x00000000080005d8                __floatunsidf
                0x00000000080005f8                __floatsidf
                0x00000000080005f8                __aeabi_i2d
                0x000000000800061c                __extendsfdf2
                0x000000000800061c                __aeabi_f2d
                0x0000000008000658                __aeabi_ul2d
                0x0000000008000658                __floatundidf
                0x0000000008000668                __floatdidf
                0x0000000008000668                __aeabi_l2d
 .text          0x00000000080006c4      0x424 /usr/local/bin/../lib/gcc/arm-none-eabi/4.9.3/armv7e-m/fpu/libgcc.a(_arm_muldivdf3.o)
                0x00000000080006c4                __aeabi_dmul
                0x00000000080006c4                __muldf3
                0x0000000008000918                __aeabi_ddiv
                0x0000000008000918                __divdf3
 .text          0x0000000008000ae8      0x110 /usr/local/bin/../lib/gcc/arm-none-eabi/4.9.3/armv7e-m/fpu/libgcc.a(_arm_cmpdf2.o)
                0x0000000008000ae8                __gtdf2
                0x0000000008000ae8                __gedf2
                0x0000000008000af0                __ltdf2
                0x0000000008000af0                __ledf2
                0x0000000008000af8                __cmpdf2
                0x0000000008000af8                __eqdf2
                0x0000000008000af8                __nedf2
                0x0000000008000b74                __aeabi_cdrcmple
                0x0000000008000b84                __aeabi_cdcmple
                0x0000000008000b84                __aeabi_cdcmpeq
                0x0000000008000b94                __aeabi_dcmpeq
                0x0000000008000ba8                __aeabi_dcmplt
                0x0000000008000bbc                __aeabi_dcmple
                0x0000000008000bd0                __aeabi_dcmpge
                0x0000000008000be4                __aeabi_dcmpgt
 .text          0x0000000008000bf8       0x50 /usr/local/bin/../lib/gcc/arm-none-eabi/4.9.3/armv7e-m/fpu/libgcc.a(_arm_fixdfsi.o)
                0x0000000008000bf8                __fixdfsi
                0x0000000008000bf8                __aeabi_d2iz
 .text          0x0000000008000c48       0x30 /usr/local/bin/../lib/gcc/arm-none-eabi/4.9.3/armv7e-m/fpu/libgcc.a(_aeabi_uldivmod.o)
                0x0000000008000c48                __aeabi_uldivmod
 .text          0x0000000008000c78       0x60 /usr/local/bin/../lib/gcc/arm-none-eabi/4.9.3/armv7e-m/fpu/libgcc.a(bpabi.o)
                0x0000000008000c78                __gnu_ldivmod_helper
                0x0000000008000ca8                __gnu_uldivmod_helper
 .text          0x0000000008000cd8        0x4 /usr/local/bin/../lib/gcc/arm-none-eabi/4.9.3/armv7e-m/fpu/libgcc.a(_dvmd_tls.o)
                0x0000000008000cd8                __aeabi_ldiv0
                0x0000000008000cd8                __aeabi_idiv0
 .text          0x0000000008000cdc      0x29c /usr/local/bin/../lib/gcc/arm-none-eabi/4.9.3/armv7e-m/fpu/libgcc.a(_divdi3.o)
                0x0000000008000cdc                __divdi3
 .text          0x0000000008000f78      0x26c /usr/local/bin/../lib/gcc/arm-none-eabi/4.9.3/armv7e-m/fpu/libgcc.a(_udivdi3.o)
                0x0000000008000f78                __udivdi3
 *(.text*)
 .text.CmdLED   0x00000000080011e4       0x5c build/main.o
                0x00000000080011e4                CmdLED
 .text.CmdAccel
                0x0000000008001240       0x28 build/main.o
                0x0000000008001240                CmdAccel
 .text.CmdGyro  0x0000000008001268       0x54 build/main.o
                0x0000000008001268                CmdGyro
 .text.CmdButton
                0x00000000080012bc       0x2c build/main.o
                0x00000000080012bc                CmdButton
 .text.Error_Handler
                0x00000000080012e8        0xa build/main.o
                0x00000000080012e8                Error_Handler
 *fill*         0x00000000080012f2        0x2 
 .text.startup.main
                0x00000000080012f4       0x78 build/main.o
                0x00000000080012f4                main
 .text.SysTick_Handler
                0x000000000800136c        0xe build/main.o
                0x000000000800136c                SysTick_Handler
 *fill*         0x000000000800137a        0x2 
 .text.cmdPWM   0x000000000800137c       0x8c build/PWM.o
                0x000000000800137c                cmdPWM
 .text.cmddcinit
                0x0000000008001408       0x38 build/PWM.o
                0x0000000008001408                cmddcinit
 .text.cmdPWMtimerinit
                0x0000000008001440       0xb4 build/PWM.o
                0x0000000008001440                cmdPWMtimerinit
 .text.cmddc    0x00000000080014f4       0x5c build/PWM.o
                0x00000000080014f4                cmddc
 .text.TaskNull
                0x0000000008001550        0x2 build/coopTaskExecutive.o
                0x0000000008001550                TaskNull
 *fill*         0x0000000008001552        0x2 
 .text.TaskKill
                0x0000000008001554       0x3c build/coopTaskExecutive.o
                0x0000000008001554                TaskKill
 .text.TaskInit
                0x0000000008001590       0x2c build/coopTaskExecutive.o
                0x0000000008001590                TaskInit
 .text.TaskSwitcher
                0x00000000080015bc       0x78 build/coopTaskExecutive.o
                0x00000000080015bc                TaskSwitcher
 .text.TaskShell
                0x0000000008001634       0x24 build/coopTaskExecutive.o
 .text.TaskAdd  0x0000000008001658       0x70 build/coopTaskExecutive.o
                0x0000000008001658                TaskAdd
 .text.Task1    0x00000000080016c8       0x70 build/coopTaskTest.o
                0x00000000080016c8                Task1
 .text.Task2    0x0000000008001738       0x50 build/coopTaskTest.o
                0x0000000008001738                Task2
 .text.Task3    0x0000000008001788       0x20 build/coopTaskTest.o
                0x0000000008001788                Task3
 .text.Task4    0x00000000080017a8       0x20 build/coopTaskTest.o
                0x00000000080017a8                Task4
 .text.Task5    0x00000000080017c8       0x20 build/coopTaskTest.o
                0x00000000080017c8                Task5
 .text.TaskInitialise1
                0x00000000080017e8        0x4 build/coopTaskTest.o
                0x00000000080017e8                TaskInitialise1
 .text.CmdTaskAdd
                0x00000000080017ec       0xa0 build/coopTaskTest.o
                0x00000000080017ec                CmdTaskAdd
 .text.CmdCooperativeSwitcher
                0x000000000800188c       0x24 build/coopTaskTest.o
                0x000000000800188c                CmdCooperativeSwitcher
 .text.CmdTest  0x00000000080018b0       0x30 build/mytest.o
                0x00000000080018b0                CmdTest
 .text.lcdinit  0x00000000080018e0       0x74 build/lcd2.o
                0x00000000080018e0                lcdinit
 .text.Delay    0x0000000008001954        0xa build/lcd2.o
                0x0000000008001954                Delay
 *fill*         0x000000000800195e        0x2 
 .text.functionCmd
                0x0000000008001960       0x68 build/lcd2.o
                0x0000000008001960                functionCmd
 .text.enable   0x00000000080019c8       0x10 build/lcd2.o
                0x00000000080019c8                enable
 .text.lcdCmd   0x00000000080019d8      0x2cc build/lcd2.o
                0x00000000080019d8                lcdCmd
 .text.cmdDisplay
                0x0000000008001ca4       0x7c build/lcd2.o
                0x0000000008001ca4                cmdDisplay
 .text.cmdCursorblink
                0x0000000008001d20       0x84 build/lcd2.o
                0x0000000008001d20                cmdCursorblink
 .text.cmdCursorOnOff
                0x0000000008001da4       0x84 build/lcd2.o
                0x0000000008001da4                cmdCursorOnOff
 .text.CmdW     0x0000000008001e28       0x1c build/monitor.o
                0x0000000008001e28                CmdW
 .text.CmdR     0x0000000008001e44       0x20 build/monitor.o
                0x0000000008001e44                CmdR
 .text.parse    0x0000000008001e64      0x104 build/parser.o
                0x0000000008001e64                parse
 .text.TaskInput
                0x0000000008001f68      0x12c build/parser.o
                0x0000000008001f68                TaskInput
 .text.fetch_uint32_arg
                0x0000000008002094       0x28 build/parser.o
                0x0000000008002094                fetch_uint32_arg
 .text.fetch_string_arg
                0x00000000080020bc       0x20 build/parser.o
                0x00000000080020bc                fetch_string_arg
 .text.DumpBuffer
                0x00000000080020dc       0xb4 build/dump.o
                0x00000000080020dc                DumpBuffer
 .text.CmdDump  0x0000000008002190       0x54 build/dump.o
                0x0000000008002190                CmdDump
 .text._sbrk_r  0x00000000080021e4       0x34 build/syscall.o
                0x00000000080021e4                _sbrk_r
 .text._close_r
                0x0000000008002218        0x6 build/syscall.o
                0x0000000008002218                _close_r
 .text._fstat_r
                0x000000000800221e        0xa build/syscall.o
                0x000000000800221e                _fstat_r
 .text._isatty_r
                0x0000000008002228        0x4 build/syscall.o
                0x0000000008002228                _isatty_r
 .text._lseek_r
                0x000000000800222c        0x4 build/syscall.o
                0x000000000800222c                _lseek_r
 .text.USBD_CDC_DataIn
                0x0000000008002230       0x80 build/terminal.o
 .text.CmdStats
                0x00000000080022b0       0x54 build/terminal.o
                0x00000000080022b0                CmdStats
 .text.TerminalInit
                0x0000000008002304       0x7c build/terminal.o
                0x0000000008002304                TerminalInit
 .text.TerminalRead
                0x0000000008002380       0x4c build/terminal.o
                0x0000000008002380                TerminalRead
 .text._read_r  0x00000000080023cc        0xa build/terminal.o
                0x00000000080023cc                _read_r
 .text.TerminalReadNonBlock
                0x00000000080023d6       0x10 build/terminal.o
                0x00000000080023d6                TerminalReadNonBlock
 .text.TerminalReadAnyNonBlock
                0x00000000080023e6       0x12 build/terminal.o
                0x00000000080023e6                TerminalReadAnyNonBlock
 .text.TerminalOutputBufferWrite
                0x00000000080023f8       0xe8 build/terminal.o
                0x00000000080023f8                TerminalOutputBufferWrite
 .text._write_r
                0x00000000080024e0       0x38 build/terminal.o
                0x00000000080024e0                _write_r
 .text.TerminalInputBufferWrite
                0x0000000008002518       0x70 build/terminal.o
                0x0000000008002518                TerminalInputBufferWrite
 .text.USB_LP_CAN_RX0_IRQHandler
                0x0000000008002588        0xc build/terminal.o
                0x0000000008002588                USB_LP_CAN_RX0_IRQHandler
 .text.Uncompress
                0x0000000008002594       0x78 build/decoder/decoder.o
 .text.DecodeReadRegister
                0x000000000800260c       0x58 build/decoder/decoder.o
                0x000000000800260c                DecodeReadRegister
 .text.DecodeWriteRegister
                0x0000000008002664       0x54 build/decoder/decoder.o
                0x0000000008002664                DecodeWriteRegister
 .text.DecodeField
                0x00000000080026b8       0x4c build/decoder/decoder.o
                0x00000000080026b8                DecodeField
 .text.DecodeRegister
                0x0000000008002704       0x5c build/decoder/decoder.o
                0x0000000008002704                DecodeRegister
 .text.DecodePeripheral
                0x0000000008002760       0x50 build/decoder/decoder.o
                0x0000000008002760                DecodePeripheral
 .text.DecodePrintPeripherals
                0x00000000080027b0       0x48 build/decoder/decoder.o
                0x00000000080027b0                DecodePrintPeripherals
 .text.DecodePrintRegisters
                0x00000000080027f8       0x58 build/decoder/decoder.o
                0x00000000080027f8                DecodePrintRegisters
 .text.CmdDecode
                0x0000000008002850      0x278 build/decoder/decoder.o
                0x0000000008002850                CmdDecode
 .text.SystemInit
                0x0000000008002ac8       0x68 build/Drivers/CMSIS/Device/ST/STM32F3xx/Source/Templates/system_stm32f3xx.o
                0x0000000008002ac8                SystemInit
 .text.HAL_RCC_OscConfig
                0x0000000008002b30      0x5d4 build/Drivers/STM32F3xx_HAL_Driver/Src/stm32f3xx_hal_rcc.o
                0x0000000008002b30                HAL_RCC_OscConfig
 .text.HAL_RCC_ClockConfig
                0x0000000008003104      0x2cc build/Drivers/STM32F3xx_HAL_Driver/Src/stm32f3xx_hal_rcc.o
                0x0000000008003104                HAL_RCC_ClockConfig
 .text.HAL_RCC_GetSysClockFreq
                0x00000000080033d0       0x6c build/Drivers/STM32F3xx_HAL_Driver/Src/stm32f3xx_hal_rcc.o
                0x00000000080033d0                HAL_RCC_GetSysClockFreq
 .text.HAL_RCC_GetHCLKFreq
                0x000000000800343c       0x38 build/Drivers/STM32F3xx_HAL_Driver/Src/stm32f3xx_hal_rcc.o
                0x000000000800343c                HAL_RCC_GetHCLKFreq
 .text.HAL_RCC_GetPCLK2Freq
                0x0000000008003474       0x30 build/Drivers/STM32F3xx_HAL_Driver/Src/stm32f3xx_hal_rcc.o
                0x0000000008003474                HAL_RCC_GetPCLK2Freq
 .text.HAL_MspInit
                0x00000000080034a4        0x2 build/Drivers/STM32F3xx_HAL_Driver/Src/stm32f3xx_hal.o
                0x00000000080034a4                HAL_MspInit
 .text.HAL_InitTick
                0x00000000080034a6       0x24 build/Drivers/STM32F3xx_HAL_Driver/Src/stm32f3xx_hal.o
                0x00000000080034a6                HAL_InitTick
 *fill*         0x00000000080034ca        0x2 
 .text.HAL_Init
                0x00000000080034cc       0x24 build/Drivers/STM32F3xx_HAL_Driver/Src/stm32f3xx_hal.o
                0x00000000080034cc                HAL_Init
 .text.HAL_IncTick
                0x00000000080034f0       0x10 build/Drivers/STM32F3xx_HAL_Driver/Src/stm32f3xx_hal.o
                0x00000000080034f0                HAL_IncTick
 .text.HAL_GetTick
                0x0000000008003500        0xc build/Drivers/STM32F3xx_HAL_Driver/Src/stm32f3xx_hal.o
                0x0000000008003500                HAL_GetTick
 .text.HAL_Delay
                0x000000000800350c       0x1a build/Drivers/STM32F3xx_HAL_Driver/Src/stm32f3xx_hal.o
                0x000000000800350c                HAL_Delay
 *fill*         0x0000000008003526        0x2 
 .text.HAL_NVIC_SetPriorityGrouping
                0x0000000008003528       0x24 build/Drivers/STM32F3xx_HAL_Driver/Src/stm32f3xx_hal_cortex.o
                0x0000000008003528                HAL_NVIC_SetPriorityGrouping
 .text.HAL_NVIC_SetPriority
                0x000000000800354c       0x60 build/Drivers/STM32F3xx_HAL_Driver/Src/stm32f3xx_hal_cortex.o
                0x000000000800354c                HAL_NVIC_SetPriority
 .text.HAL_NVIC_EnableIRQ
                0x00000000080035ac       0x18 build/Drivers/STM32F3xx_HAL_Driver/Src/stm32f3xx_hal_cortex.o
                0x00000000080035ac                HAL_NVIC_EnableIRQ
 .text.HAL_SYSTICK_Config
                0x00000000080035c4       0x2c build/Drivers/STM32F3xx_HAL_Driver/Src/stm32f3xx_hal_cortex.o
                0x00000000080035c4                HAL_SYSTICK_Config
 .text.HAL_GPIO_Init
                0x00000000080035f0      0x188 build/Drivers/STM32F3xx_HAL_Driver/Src/stm32f3xx_hal_gpio.o
                0x00000000080035f0                HAL_GPIO_Init
 .text.HAL_GPIO_ReadPin
                0x0000000008003778        0xc build/Drivers/STM32F3xx_HAL_Driver/Src/stm32f3xx_hal_gpio.o
                0x0000000008003778                HAL_GPIO_ReadPin
 .text.HAL_GPIO_WritePin
                0x0000000008003784        0xa build/Drivers/STM32F3xx_HAL_Driver/Src/stm32f3xx_hal_gpio.o
                0x0000000008003784                HAL_GPIO_WritePin
 .text.HAL_GPIO_TogglePin
                0x000000000800378e        0x8 build/Drivers/STM32F3xx_HAL_Driver/Src/stm32f3xx_hal_gpio.o
                0x000000000800378e                HAL_GPIO_TogglePin
 .text.HAL_PCD_Init
                0x0000000008003796       0x9a build/Drivers/STM32F3xx_HAL_Driver/Src/stm32f3xx_hal_pcd.o
                0x0000000008003796                HAL_PCD_Init
 .text.HAL_PCD_Start
                0x0000000008003830        0xc build/Drivers/STM32F3xx_HAL_Driver/Src/stm32f3xx_hal_pcd.o
                0x0000000008003830                HAL_PCD_Start
 .text.HAL_PCD_SetAddress
                0x000000000800383c       0x2c build/Drivers/STM32F3xx_HAL_Driver/Src/stm32f3xx_hal_pcd.o
                0x000000000800383c                HAL_PCD_SetAddress
 .text.HAL_PCD_EP_Open
                0x0000000008003868      0x338 build/Drivers/STM32F3xx_HAL_Driver/Src/stm32f3xx_hal_pcd.o
                0x0000000008003868                HAL_PCD_EP_Open
 .text.HAL_PCD_EP_Close
                0x0000000008003ba0      0x1b0 build/Drivers/STM32F3xx_HAL_Driver/Src/stm32f3xx_hal_pcd.o
                0x0000000008003ba0                HAL_PCD_EP_Close
 .text.HAL_PCD_EP_Receive
                0x0000000008003d50       0xf4 build/Drivers/STM32F3xx_HAL_Driver/Src/stm32f3xx_hal_pcd.o
                0x0000000008003d50                HAL_PCD_EP_Receive
 .text.HAL_PCD_EP_GetRxCount
                0x0000000008003e44       0x10 build/Drivers/STM32F3xx_HAL_Driver/Src/stm32f3xx_hal_pcd.o
                0x0000000008003e44                HAL_PCD_EP_GetRxCount
 .text.HAL_PCD_EP_Transmit
                0x0000000008003e54      0x182 build/Drivers/STM32F3xx_HAL_Driver/Src/stm32f3xx_hal_pcd.o
                0x0000000008003e54                HAL_PCD_EP_Transmit
 .text.HAL_PCD_IRQHandler
                0x0000000008003fd6      0x4a6 build/Drivers/STM32F3xx_HAL_Driver/Src/stm32f3xx_hal_pcd.o
                0x0000000008003fd6                HAL_PCD_IRQHandler
 .text.HAL_PCD_EP_SetStall
                0x000000000800447c       0xa2 build/Drivers/STM32F3xx_HAL_Driver/Src/stm32f3xx_hal_pcd.o
                0x000000000800447c                HAL_PCD_EP_SetStall
 .text.HAL_PCD_EP_ClrStall
                0x000000000800451e       0xc8 build/Drivers/STM32F3xx_HAL_Driver/Src/stm32f3xx_hal_pcd.o
                0x000000000800451e                HAL_PCD_EP_ClrStall
 .text.HAL_PCDEx_PMAConfig
                0x00000000080045e6       0x34 build/Drivers/STM32F3xx_HAL_Driver/Src/stm32f3xx_hal_pcd_ex.o
                0x00000000080045e6                HAL_PCDEx_PMAConfig
 .text.PCD_WritePMA
                0x000000000800461a       0x2e build/Drivers/STM32F3xx_HAL_Driver/Src/stm32f3xx_hal_pcd_ex.o
                0x000000000800461a                PCD_WritePMA
 .text.PCD_ReadPMA
                0x0000000008004648       0x22 build/Drivers/STM32F3xx_HAL_Driver/Src/stm32f3xx_hal_pcd_ex.o
                0x0000000008004648                PCD_ReadPMA
 .text.HAL_PCDEx_SetConnectionState
                0x000000000800466a        0x2 build/Drivers/STM32F3xx_HAL_Driver/Src/stm32f3xx_hal_pcd_ex.o
                0x000000000800466a                HAL_PCDEx_SetConnectionState
 .text.HAL_TIM_Base_MspInit
                0x000000000800466c        0x2 build/Drivers/STM32F3xx_HAL_Driver/Src/stm32f3xx_hal_tim.o
                0x000000000800466c                HAL_TIM_Base_MspInit
 *fill*         0x000000000800466e        0x2 
 .text.TIM_Base_SetConfig
                0x0000000008004670       0xb4 build/Drivers/STM32F3xx_HAL_Driver/Src/stm32f3xx_hal_tim.o
                0x0000000008004670                TIM_Base_SetConfig
 .text.HAL_TIM_Base_Init
                0x0000000008004724       0x2c build/Drivers/STM32F3xx_HAL_Driver/Src/stm32f3xx_hal_tim.o
                0x0000000008004724                HAL_TIM_Base_Init
 .text.TIM_OC1_SetConfig
                0x0000000008004750       0x98 build/Drivers/STM32F3xx_HAL_Driver/Src/stm32f3xx_hal_tim.o
                0x0000000008004750                TIM_OC1_SetConfig
 .text.TIM_OC2_SetConfig
                0x00000000080047e8       0x8c build/Drivers/STM32F3xx_HAL_Driver/Src/stm32f3xx_hal_tim.o
                0x00000000080047e8                TIM_OC2_SetConfig
 .text.TIM_OC3_SetConfig
                0x0000000008004874       0x8c build/Drivers/STM32F3xx_HAL_Driver/Src/stm32f3xx_hal_tim.o
                0x0000000008004874                TIM_OC3_SetConfig
 .text.TIM_OC4_SetConfig
                0x0000000008004900       0x68 build/Drivers/STM32F3xx_HAL_Driver/Src/stm32f3xx_hal_tim.o
                0x0000000008004900                TIM_OC4_SetConfig
 .text.TIM_CCxChannelCmd
                0x0000000008004968       0x18 build/Drivers/STM32F3xx_HAL_Driver/Src/stm32f3xx_hal_tim.o
                0x0000000008004968                TIM_CCxChannelCmd
 .text.HAL_TIM_PWM_Start
                0x0000000008004980       0x4c build/Drivers/STM32F3xx_HAL_Driver/Src/stm32f3xx_hal_tim.o
                0x0000000008004980                HAL_TIM_PWM_Start
 .text.HAL_TIM_PWM_Stop
                0x00000000080049cc       0x7c build/Drivers/STM32F3xx_HAL_Driver/Src/stm32f3xx_hal_tim.o
                0x00000000080049cc                HAL_TIM_PWM_Stop
 .text.TIM_OC5_SetConfig
                0x0000000008004a48       0x68 build/Drivers/STM32F3xx_HAL_Driver/Src/stm32f3xx_hal_tim_ex.o
 .text.TIM_OC6_SetConfig
                0x0000000008004ab0       0x68 build/Drivers/STM32F3xx_HAL_Driver/Src/stm32f3xx_hal_tim_ex.o
 .text.HAL_TIM_PWM_ConfigChannel
                0x0000000008004b18      0x10c build/Drivers/STM32F3xx_HAL_Driver/Src/stm32f3xx_hal_tim_ex.o
                0x0000000008004b18                HAL_TIM_PWM_ConfigChannel
 .text.USBD_Init
                0x0000000008004c24       0x2a build/Drivers/STM32_USB_Device_Library/Core/Src/usbd_core.o
                0x0000000008004c24                USBD_Init
 .text.USBD_RegisterClass
                0x0000000008004c4e        0xe build/Drivers/STM32_USB_Device_Library/Core/Src/usbd_core.o
                0x0000000008004c4e                USBD_RegisterClass
 .text.USBD_Start
                0x0000000008004c5c        0xa build/Drivers/STM32_USB_Device_Library/Core/Src/usbd_core.o
                0x0000000008004c5c                USBD_Start
 .text.USBD_SetClassConfig
                0x0000000008004c66       0x16 build/Drivers/STM32_USB_Device_Library/Core/Src/usbd_core.o
                0x0000000008004c66                USBD_SetClassConfig
 .text.USBD_ClrClassConfig
                0x0000000008004c7c        0xe build/Drivers/STM32_USB_Device_Library/Core/Src/usbd_core.o
                0x0000000008004c7c                USBD_ClrClassConfig
 .text.USBD_LL_SetupStage
                0x0000000008004c8a       0x5a build/Drivers/STM32_USB_Device_Library/Core/Src/usbd_core.o
                0x0000000008004c8a                USBD_LL_SetupStage
 .text.USBD_LL_DataOutStage
                0x0000000008004ce4       0x60 build/Drivers/STM32_USB_Device_Library/Core/Src/usbd_core.o
                0x0000000008004ce4                USBD_LL_DataOutStage
 .text.USBD_LL_DataInStage
                0x0000000008004d44       0x88 build/Drivers/STM32_USB_Device_Library/Core/Src/usbd_core.o
                0x0000000008004d44                USBD_LL_DataInStage
 .text.USBD_LL_Reset
                0x0000000008004dcc       0x3e build/Drivers/STM32_USB_Device_Library/Core/Src/usbd_core.o
                0x0000000008004dcc                USBD_LL_Reset
 .text.USBD_LL_SetSpeed
                0x0000000008004e0a        0x6 build/Drivers/STM32_USB_Device_Library/Core/Src/usbd_core.o
                0x0000000008004e0a                USBD_LL_SetSpeed
 .text.USBD_LL_SOF
                0x0000000008004e10       0x18 build/Drivers/STM32_USB_Device_Library/Core/Src/usbd_core.o
                0x0000000008004e10                USBD_LL_SOF
 .text.USBD_ParseSetupRequest
                0x0000000008004e28       0x28 build/Drivers/STM32_USB_Device_Library/Core/Src/usbd_ctlreq.o
                0x0000000008004e28                USBD_ParseSetupRequest
 .text.USBD_CtlError
                0x0000000008004e50       0x16 build/Drivers/STM32_USB_Device_Library/Core/Src/usbd_ctlreq.o
                0x0000000008004e50                USBD_CtlError
 *fill*         0x0000000008004e66        0x2 
 .text.USBD_StdDevReq
                0x0000000008004e68      0x218 build/Drivers/STM32_USB_Device_Library/Core/Src/usbd_ctlreq.o
                0x0000000008004e68                USBD_StdDevReq
 .text.USBD_StdItfReq
                0x0000000008005080       0x30 build/Drivers/STM32_USB_Device_Library/Core/Src/usbd_ctlreq.o
                0x0000000008005080                USBD_StdItfReq
 .text.USBD_StdEPReq
                0x00000000080050b0       0xb2 build/Drivers/STM32_USB_Device_Library/Core/Src/usbd_ctlreq.o
                0x00000000080050b0                USBD_StdEPReq
 .text.USBD_GetString
                0x0000000008005162       0x3a build/Drivers/STM32_USB_Device_Library/Core/Src/usbd_ctlreq.o
                0x0000000008005162                USBD_GetString
 .text.USBD_CtlSendData
                0x000000000800519c       0x1c build/Drivers/STM32_USB_Device_Library/Core/Src/usbd_ioreq.o
                0x000000000800519c                USBD_CtlSendData
 .text.USBD_CtlContinueSendData
                0x00000000080051b8       0x12 build/Drivers/STM32_USB_Device_Library/Core/Src/usbd_ioreq.o
                0x00000000080051b8                USBD_CtlContinueSendData
 .text.USBD_CtlPrepareRx
                0x00000000080051ca       0x20 build/Drivers/STM32_USB_Device_Library/Core/Src/usbd_ioreq.o
                0x00000000080051ca                USBD_CtlPrepareRx
 .text.USBD_CtlContinueRx
                0x00000000080051ea       0x12 build/Drivers/STM32_USB_Device_Library/Core/Src/usbd_ioreq.o
                0x00000000080051ea                USBD_CtlContinueRx
 .text.USBD_CtlSendStatus
                0x00000000080051fc       0x16 build/Drivers/STM32_USB_Device_Library/Core/Src/usbd_ioreq.o
                0x00000000080051fc                USBD_CtlSendStatus
 .text.USBD_CtlReceiveStatus
                0x0000000008005212       0x16 build/Drivers/STM32_USB_Device_Library/Core/Src/usbd_ioreq.o
                0x0000000008005212                USBD_CtlReceiveStatus
 .text.USBD_CDC_DataIn
                0x0000000008005228       0x12 build/Drivers/STM32_USB_Device_Library/Class/CDC/Src/usbd_cdc.o
 .text.USBD_CDC_EP0_RxReady
                0x000000000800523a       0x28 build/Drivers/STM32_USB_Device_Library/Class/CDC/Src/usbd_cdc.o
 *fill*         0x0000000008005262        0x2 
 .text.USBD_CDC_GetFSCfgDesc
                0x0000000008005264        0xc build/Drivers/STM32_USB_Device_Library/Class/CDC/Src/usbd_cdc.o
 .text.USBD_CDC_GetHSCfgDesc
                0x0000000008005270        0xc build/Drivers/STM32_USB_Device_Library/Class/CDC/Src/usbd_cdc.o
 .text.USBD_CDC_GetOtherSpeedCfgDesc
                0x000000000800527c        0xc build/Drivers/STM32_USB_Device_Library/Class/CDC/Src/usbd_cdc.o
 .text.USBD_CDC_GetDeviceQualifierDescriptor
                0x0000000008005288        0xc build/Drivers/STM32_USB_Device_Library/Class/CDC/Src/usbd_cdc.o
                0x0000000008005288                USBD_CDC_GetDeviceQualifierDescriptor
 .text.USBD_CDC_DataOut
                0x0000000008005294       0x2e build/Drivers/STM32_USB_Device_Library/Class/CDC/Src/usbd_cdc.o
 .text.USBD_CDC_Setup
                0x00000000080052c2       0x5a build/Drivers/STM32_USB_Device_Library/Class/CDC/Src/usbd_cdc.o
 .text.USBD_CDC_DeInit
                0x000000000800531c       0x3a build/Drivers/STM32_USB_Device_Library/Class/CDC/Src/usbd_cdc.o
 .text.USBD_CDC_Init
                0x0000000008005356       0x86 build/Drivers/STM32_USB_Device_Library/Class/CDC/Src/usbd_cdc.o
 .text.USBD_CDC_RegisterInterface
                0x00000000080053dc        0xe build/Drivers/STM32_USB_Device_Library/Class/CDC/Src/usbd_cdc.o
                0x00000000080053dc                USBD_CDC_RegisterInterface
 .text.USBD_CDC_SetTxBuffer
                0x00000000080053ea       0x10 build/Drivers/STM32_USB_Device_Library/Class/CDC/Src/usbd_cdc.o
                0x00000000080053ea                USBD_CDC_SetTxBuffer
 .text.USBD_CDC_SetRxBuffer
                0x00000000080053fa        0xc build/Drivers/STM32_USB_Device_Library/Class/CDC/Src/usbd_cdc.o
                0x00000000080053fa                USBD_CDC_SetRxBuffer
 .text.USBD_CDC_TransmitPacket
                0x0000000008005406       0x2e build/Drivers/STM32_USB_Device_Library/Class/CDC/Src/usbd_cdc.o
                0x0000000008005406                USBD_CDC_TransmitPacket
 .text.USBD_CDC_ReceivePacket
                0x0000000008005434       0x26 build/Drivers/STM32_USB_Device_Library/Class/CDC/Src/usbd_cdc.o
                0x0000000008005434                USBD_CDC_ReceivePacket
 *fill*         0x000000000800545a        0x2 
 .text.HAL_PCD_MspInit
                0x000000000800545c       0x9c build/usbd_conf.o
                0x000000000800545c                HAL_PCD_MspInit
 .text.HAL_PCD_SetupStageCallback
                0x00000000080054f8        0xe build/usbd_conf.o
                0x00000000080054f8                HAL_PCD_SetupStageCallback
 .text.HAL_PCD_DataOutStageCallback
                0x0000000008005506       0x12 build/usbd_conf.o
                0x0000000008005506                HAL_PCD_DataOutStageCallback
 .text.HAL_PCD_DataInStageCallback
                0x0000000008005518       0x10 build/usbd_conf.o
                0x0000000008005518                HAL_PCD_DataInStageCallback
 .text.HAL_PCD_SOFCallback
                0x0000000008005528        0x8 build/usbd_conf.o
                0x0000000008005528                HAL_PCD_SOFCallback
 .text.HAL_PCD_ResetCallback
                0x0000000008005530       0x1a build/usbd_conf.o
                0x0000000008005530                HAL_PCD_ResetCallback
 .text.HAL_PCD_SuspendCallback
                0x000000000800554a        0x2 build/usbd_conf.o
                0x000000000800554a                HAL_PCD_SuspendCallback
 .text.HAL_PCD_ResumeCallback
                0x000000000800554c        0x2 build/usbd_conf.o
                0x000000000800554c                HAL_PCD_ResumeCallback
 *fill*         0x000000000800554e        0x2 
 .text.USBD_LL_Init
                0x0000000008005550       0x7c build/usbd_conf.o
                0x0000000008005550                USBD_LL_Init
 .text.USBD_LL_Start
                0x00000000080055cc        0xe build/usbd_conf.o
                0x00000000080055cc                USBD_LL_Start
 .text.USBD_LL_OpenEP
                0x00000000080055da       0x14 build/usbd_conf.o
                0x00000000080055da                USBD_LL_OpenEP
 .text.USBD_LL_CloseEP
                0x00000000080055ee        0xe build/usbd_conf.o
                0x00000000080055ee                USBD_LL_CloseEP
 .text.USBD_LL_StallEP
                0x00000000080055fc        0xe build/usbd_conf.o
                0x00000000080055fc                USBD_LL_StallEP
 .text.USBD_LL_ClearStallEP
                0x000000000800560a        0xe build/usbd_conf.o
                0x000000000800560a                USBD_LL_ClearStallEP
 .text.USBD_LL_IsStallEP
                0x0000000008005618       0x26 build/usbd_conf.o
                0x0000000008005618                USBD_LL_IsStallEP
 .text.USBD_LL_SetUSBAddress
                0x000000000800563e        0xe build/usbd_conf.o
                0x000000000800563e                USBD_LL_SetUSBAddress
 .text.USBD_LL_Transmit
                0x000000000800564c        0xe build/usbd_conf.o
                0x000000000800564c                USBD_LL_Transmit
 .text.USBD_LL_PrepareReceive
                0x000000000800565a        0xe build/usbd_conf.o
                0x000000000800565a                USBD_LL_PrepareReceive
 .text.USBD_LL_GetRxDataSize
                0x0000000008005668        0xc build/usbd_conf.o
                0x0000000008005668                USBD_LL_GetRxDataSize
 .text.USBD_static_malloc
                0x0000000008005674        0x8 build/usbd_conf.o
                0x0000000008005674                USBD_static_malloc
 .text.USBD_static_free
                0x000000000800567c        0x2 build/usbd_conf.o
                0x000000000800567c                USBD_static_free
 *fill*         0x000000000800567e        0x2 
 .text.USBD_VCP_DeviceDescriptor
                0x0000000008005680        0xc build/usbd_desc.o
                0x0000000008005680                USBD_VCP_DeviceDescriptor
 .text.USBD_VCP_LangIDStrDescriptor
                0x000000000800568c        0xc build/usbd_desc.o
                0x000000000800568c                USBD_VCP_LangIDStrDescriptor
 .text.IntToUnicode
                0x0000000008005698       0x28 build/usbd_desc.o
 .text.USBD_VCP_SerialStrDescriptor
                0x00000000080056c0       0x40 build/usbd_desc.o
                0x00000000080056c0                USBD_VCP_SerialStrDescriptor
 .text.USBD_VCP_ProductStrDescriptor
                0x0000000008005700       0x1c build/usbd_desc.o
                0x0000000008005700                USBD_VCP_ProductStrDescriptor
 .text.USBD_VCP_ManufacturerStrDescriptor
                0x000000000800571c       0x1c build/usbd_desc.o
                0x000000000800571c                USBD_VCP_ManufacturerStrDescriptor
 .text.USBD_VCP_ConfigStrDescriptor
                0x0000000008005738       0x1c build/usbd_desc.o
                0x0000000008005738                USBD_VCP_ConfigStrDescriptor
 .text.USBD_VCP_InterfaceStrDescriptor
                0x0000000008005754       0x1c build/usbd_desc.o
                0x0000000008005754                USBD_VCP_InterfaceStrDescriptor
 .text.CDC_Itf_DeInit
                0x0000000008005770        0x4 build/usbd_cdc_interface.o
 .text.CDC_Itf_Receive
                0x0000000008005774       0x20 build/usbd_cdc_interface.o
 .text.CDC_Itf_Init
                0x0000000008005794       0x18 build/usbd_cdc_interface.o
 .text.CDC_Itf_Control
                0x00000000080057ac       0x58 build/usbd_cdc_interface.o
 .text.BSP_LED_Init
                0x0000000008005804       0x68 build/Drivers/BSP/STM32F3-Discovery/stm32f3_discovery.o
                0x0000000008005804                BSP_LED_Init
 .text.BSP_LED_On
                0x000000000800586c       0x1c build/Drivers/BSP/STM32F3-Discovery/stm32f3_discovery.o
                0x000000000800586c                BSP_LED_On
 .text.BSP_LED_Off
                0x0000000008005888       0x1c build/Drivers/BSP/STM32F3-Discovery/stm32f3_discovery.o
                0x0000000008005888                BSP_LED_Off
 .text.BSP_LED_Toggle
                0x00000000080058a4       0x1c build/Drivers/BSP/STM32F3-Discovery/stm32f3_discovery.o
                0x00000000080058a4                BSP_LED_Toggle
 .text.BSP_PB_Init
                0x00000000080058c0       0x74 build/Drivers/BSP/STM32F3-Discovery/stm32f3_discovery.o
                0x00000000080058c0                BSP_PB_Init
 .text.BSP_PB_GetState
                0x0000000008005934       0x14 build/Drivers/BSP/STM32F3-Discovery/stm32f3_discovery.o
                0x0000000008005934                BSP_PB_GetState
 .text.BSP_ACCELERO_GetXYZ
                0x0000000008005948       0x10 build/Drivers/BSP/STM32F3-Discovery/stm32f3_discovery_accelerometer.o
                0x0000000008005948                BSP_ACCELERO_GetXYZ
 .text.BSP_GYRO_GetXYZ
                0x0000000008005958       0x10 build/Drivers/BSP/STM32F3-Discovery/stm32f3_discovery_gyroscope.o
                0x0000000008005958                BSP_GYRO_GetXYZ
 .text.Reset_Handler
                0x0000000008005968       0x50 build/Drivers/CMSIS/Device/ST/STM32F3xx/Source/Templates/gcc/startup_stm32f303xc.o
                0x0000000008005968                Reset_Handler
 .text.Default_Handler
                0x00000000080059b8        0x2 build/Drivers/CMSIS/Device/ST/STM32F3xx/Source/Templates/gcc/startup_stm32f303xc.o
                0x00000000080059b8                RTC_Alarm_IRQHandler
                0x00000000080059b8                TIM8_TRG_COM_IRQHandler
                0x00000000080059b8                TIM8_CC_IRQHandler
                0x00000000080059b8                DebugMon_Handler
                0x00000000080059b8                TIM1_CC_IRQHandler
                0x00000000080059b8                HardFault_Handler
                0x00000000080059b8                USB_HP_IRQHandler
                0x00000000080059b8                PVD_IRQHandler
                0x00000000080059b8                TAMP_STAMP_IRQHandler
                0x00000000080059b8                PendSV_Handler
                0x00000000080059b8                NMI_Handler
                0x00000000080059b8                EXTI3_IRQHandler
                0x00000000080059b8                USB_HP_CAN_TX_IRQHandler
                0x00000000080059b8                EXTI0_IRQHandler
                0x00000000080059b8                I2C2_EV_IRQHandler
                0x00000000080059b8                FPU_IRQHandler
                0x00000000080059b8                TIM1_UP_TIM16_IRQHandler
                0x00000000080059b8                UsageFault_Handler
                0x00000000080059b8                ADC1_2_IRQHandler
                0x00000000080059b8                SPI1_IRQHandler
                0x00000000080059b8                CAN_SCE_IRQHandler
                0x00000000080059b8                TIM6_DAC_IRQHandler
                0x00000000080059b8                TIM8_UP_IRQHandler
                0x00000000080059b8                DMA2_Channel2_IRQHandler
                0x00000000080059b8                DMA1_Channel4_IRQHandler
                0x00000000080059b8                USART3_IRQHandler
                0x00000000080059b8                DMA1_Channel7_IRQHandler
                0x00000000080059b8                UART5_IRQHandler
                0x00000000080059b8                ADC3_IRQHandler
                0x00000000080059b8                TIM4_IRQHandler
                0x00000000080059b8                CAN_RX1_IRQHandler
                0x00000000080059b8                DMA2_Channel1_IRQHandler
                0x00000000080059b8                I2C1_EV_IRQHandler
                0x00000000080059b8                DMA1_Channel6_IRQHandler
                0x00000000080059b8                UART4_IRQHandler
                0x00000000080059b8                DMA2_Channel4_IRQHandler
                0x00000000080059b8                TIM3_IRQHandler
                0x00000000080059b8                RCC_IRQHandler
                0x00000000080059b8                DMA1_Channel1_IRQHandler
                0x00000000080059b8                Default_Handler
                0x00000000080059b8                USBWakeUp_RMP_IRQHandler
                0x00000000080059b8                EXTI15_10_IRQHandler
                0x00000000080059b8                TIM7_IRQHandler
                0x00000000080059b8                EXTI9_5_IRQHandler
                0x00000000080059b8                RTC_WKUP_IRQHandler
                0x00000000080059b8                SPI2_IRQHandler
                0x00000000080059b8                MemManage_Handler
                0x00000000080059b8                SVC_Handler
                0x00000000080059b8                DMA2_Channel5_IRQHandler
                0x00000000080059b8                DMA1_Channel5_IRQHandler
                0x00000000080059b8                USB_LP_IRQHandler
                0x00000000080059b8                EXTI4_IRQHandler
                0x00000000080059b8                TIM1_TRG_COM_TIM17_IRQHandler
                0x00000000080059b8                DMA1_Channel3_IRQHandler
                0x00000000080059b8                ADC4_IRQHandler
                0x00000000080059b8                WWDG_IRQHandler
                0x00000000080059b8                TIM2_IRQHandler
                0x00000000080059b8                COMP7_IRQHandler
                0x00000000080059b8                COMP1_2_3_IRQHandler
                0x00000000080059b8                EXTI1_IRQHandler
                0x00000000080059b8                USART2_IRQHandler
                0x00000000080059b8                COMP4_5_6_IRQHandler
                0x00000000080059b8                I2C2_ER_IRQHandler
                0x00000000080059b8                DMA1_Channel2_IRQHandler
                0x00000000080059b8                TIM8_BRK_IRQHandler
                0x00000000080059b8                FLASH_IRQHandler
                0x00000000080059b8                BusFault_Handler
                0x00000000080059b8                USART1_IRQHandler
                0x00000000080059b8                SPI3_IRQHandler
                0x00000000080059b8                I2C1_ER_IRQHandler
                0x00000000080059b8                USBWakeUp_IRQHandler
                0x00000000080059b8                DMA2_Channel3_IRQHandler
                0x00000000080059b8                EXTI2_TSC_IRQHandler
                0x00000000080059b8                TIM1_BRK_TIM15_IRQHandler
 *fill*         0x00000000080059ba        0x2 
 .text.__errno  0x00000000080059bc        0xc /usr/local/bin/../lib/gcc/arm-none-eabi/4.9.3/../../../../arm-none-eabi/lib/armv7e-m/fpu/libg.a(lib_a-errno.o)
                0x00000000080059bc                __errno
 .text.__libc_init_array
                0x00000000080059c8       0x50 /usr/local/bin/../lib/gcc/arm-none-eabi/4.9.3/../../../../arm-none-eabi/lib/armv7e-m/fpu/libg.a(lib_a-init.o)
                0x00000000080059c8                __libc_init_array
 .text.memset   0x0000000008005a18       0x9c /usr/local/bin/../lib/gcc/arm-none-eabi/4.9.3/../../../../arm-none-eabi/lib/armv7e-m/fpu/libg.a(lib_a-memset.o)
                0x0000000008005a18                memset
 .text.printf   0x0000000008005ab4       0x28 /usr/local/bin/../lib/gcc/arm-none-eabi/4.9.3/../../../../arm-none-eabi/lib/armv7e-m/fpu/libg.a(lib_a-printf.o)
                0x0000000008005ab4                printf
 .text.putchar  0x0000000008005adc       0x14 /usr/local/bin/../lib/gcc/arm-none-eabi/4.9.3/../../../../arm-none-eabi/lib/armv7e-m/fpu/libg.a(lib_a-putchar.o)
                0x0000000008005adc                putchar
 .text._puts_r  0x0000000008005af0       0x5c /usr/local/bin/../lib/gcc/arm-none-eabi/4.9.3/../../../../arm-none-eabi/lib/armv7e-m/fpu/libg.a(lib_a-puts.o)
                0x0000000008005af0                _puts_r
 .text.puts     0x0000000008005b4c       0x10 /usr/local/bin/../lib/gcc/arm-none-eabi/4.9.3/../../../../arm-none-eabi/lib/armv7e-m/fpu/libg.a(lib_a-puts.o)
                0x0000000008005b4c                puts
 .text.setvbuf  0x0000000008005b5c       0xf8 /usr/local/bin/../lib/gcc/arm-none-eabi/4.9.3/../../../../arm-none-eabi/lib/armv7e-m/fpu/libg.a(lib_a-setvbuf.o)
                0x0000000008005b5c                setvbuf
 .text.strcasecmp
                0x0000000008005c54       0x44 /usr/local/bin/../lib/gcc/arm-none-eabi/4.9.3/../../../../arm-none-eabi/lib/armv7e-m/fpu/libg.a(lib_a-strcasecmp.o)
                0x0000000008005c54                strcasecmp
 .text.strcpy   0x0000000008005c98       0xbc /usr/local/bin/../lib/gcc/arm-none-eabi/4.9.3/../../../../arm-none-eabi/lib/armv7e-m/fpu/libg.a(lib_a-strcpy.o)
                0x0000000008005c98                strcpy
 .text.strlen   0x0000000008005d54       0x5c /usr/local/bin/../lib/gcc/arm-none-eabi/4.9.3/../../../../arm-none-eabi/lib/armv7e-m/fpu/libg.a(lib_a-strlen.o)
                0x0000000008005d54                strlen
 .text.strtok   0x0000000008005db0       0x10 /usr/local/bin/../lib/gcc/arm-none-eabi/4.9.3/../../../../arm-none-eabi/lib/armv7e-m/fpu/libg.a(lib_a-strtok.o)
                0x0000000008005db0                strtok
 .text.__strtok_r
                0x0000000008005dc0       0x64 /usr/local/bin/../lib/gcc/arm-none-eabi/4.9.3/../../../../arm-none-eabi/lib/armv7e-m/fpu/libg.a(lib_a-strtok_r.o)
                0x0000000008005dc0                __strtok_r
 .text._strtoul_r
                0x0000000008005e24      0x128 /usr/local/bin/../lib/gcc/arm-none-eabi/4.9.3/../../../../arm-none-eabi/lib/armv7e-m/fpu/libg.a(lib_a-strtoul.o)
                0x0000000008005e24                _strtoul_r
 .text.strtoul  0x0000000008005f4c       0x18 /usr/local/bin/../lib/gcc/arm-none-eabi/4.9.3/../../../../arm-none-eabi/lib/armv7e-m/fpu/libg.a(lib_a-strtoul.o)
                0x0000000008005f4c                strtoul
 *fill*         0x0000000008005f64        0x4 
 .text._vfprintf_r
                0x0000000008005f68     0x1428 /usr/local/bin/../lib/gcc/arm-none-eabi/4.9.3/../../../../arm-none-eabi/lib/armv7e-m/fpu/libg.a(lib_a-vfprintf.o)
                0x0000000008005f68                _vfprintf_r
 .text.__sbprintf
                0x0000000008007390       0x78 /usr/local/bin/../lib/gcc/arm-none-eabi/4.9.3/../../../../arm-none-eabi/lib/armv7e-m/fpu/libg.a(lib_a-vfprintf.o)
 .text.__swsetup_r
                0x0000000008007408       0xc4 /usr/local/bin/../lib/gcc/arm-none-eabi/4.9.3/../../../../arm-none-eabi/lib/armv7e-m/fpu/libg.a(lib_a-wsetup.o)
                0x0000000008007408                __swsetup_r
 .text.startup.register_fini
                0x00000000080074cc       0x14 /usr/local/bin/../lib/gcc/arm-none-eabi/4.9.3/../../../../arm-none-eabi/lib/armv7e-m/fpu/libg.a(lib_a-__call_atexit.o)
 .text.atexit   0x00000000080074e0        0xc /usr/local/bin/../lib/gcc/arm-none-eabi/4.9.3/../../../../arm-none-eabi/lib/armv7e-m/fpu/libg.a(lib_a-atexit.o)
                0x00000000080074e0                atexit
 .text.quorem   0x00000000080074ec      0x12c /usr/local/bin/../lib/gcc/arm-none-eabi/4.9.3/../../../../arm-none-eabi/lib/armv7e-m/fpu/libg.a(lib_a-dtoa.o)
 .text._dtoa_r  0x0000000008007618      0xea8 /usr/local/bin/../lib/gcc/arm-none-eabi/4.9.3/../../../../arm-none-eabi/lib/armv7e-m/fpu/libg.a(lib_a-dtoa.o)
                0x0000000008007618                _dtoa_r
 .text.__sflush_r
                0x00000000080084c0      0x154 /usr/local/bin/../lib/gcc/arm-none-eabi/4.9.3/../../../../arm-none-eabi/lib/armv7e-m/fpu/libg.a(lib_a-fflush.o)
                0x00000000080084c0                __sflush_r
 .text._fflush_r
                0x0000000008008614       0x2c /usr/local/bin/../lib/gcc/arm-none-eabi/4.9.3/../../../../arm-none-eabi/lib/armv7e-m/fpu/libg.a(lib_a-fflush.o)
                0x0000000008008614                _fflush_r
 .text._cleanup_r
                0x0000000008008640        0xc /usr/local/bin/../lib/gcc/arm-none-eabi/4.9.3/../../../../arm-none-eabi/lib/armv7e-m/fpu/libg.a(lib_a-findfp.o)
                0x0000000008008640                _cleanup_r
 .text.__sinit.part.1
                0x000000000800864c       0xf0 /usr/local/bin/../lib/gcc/arm-none-eabi/4.9.3/../../../../arm-none-eabi/lib/armv7e-m/fpu/libg.a(lib_a-findfp.o)
 .text.__sinit  0x000000000800873c        0xc /usr/local/bin/../lib/gcc/arm-none-eabi/4.9.3/../../../../arm-none-eabi/lib/armv7e-m/fpu/libg.a(lib_a-findfp.o)
                0x000000000800873c                __sinit
 .text.__sfp_lock_acquire
                0x0000000008008748        0x4 /usr/local/bin/../lib/gcc/arm-none-eabi/4.9.3/../../../../arm-none-eabi/lib/armv7e-m/fpu/libg.a(lib_a-findfp.o)
                0x0000000008008748                __sfp_lock_acquire
 .text.__sfp_lock_release
                0x000000000800874c        0x4 /usr/local/bin/../lib/gcc/arm-none-eabi/4.9.3/../../../../arm-none-eabi/lib/armv7e-m/fpu/libg.a(lib_a-findfp.o)
                0x000000000800874c                __sfp_lock_release
 .text.__libc_fini_array
                0x0000000008008750       0x2c /usr/local/bin/../lib/gcc/arm-none-eabi/4.9.3/../../../../arm-none-eabi/lib/armv7e-m/fpu/libg.a(lib_a-fini.o)
                0x0000000008008750                __libc_fini_array
 .text._malloc_trim_r
                0x000000000800877c       0x9c /usr/local/bin/../lib/gcc/arm-none-eabi/4.9.3/../../../../arm-none-eabi/lib/armv7e-m/fpu/libg.a(lib_a-freer.o)
                0x000000000800877c                _malloc_trim_r
 .text._free_r  0x0000000008008818      0x1b0 /usr/local/bin/../lib/gcc/arm-none-eabi/4.9.3/../../../../arm-none-eabi/lib/armv7e-m/fpu/libg.a(lib_a-freer.o)
                0x0000000008008818                _free_r
 .text.__sfvwrite_r
                0x00000000080089c8      0x318 /usr/local/bin/../lib/gcc/arm-none-eabi/4.9.3/../../../../arm-none-eabi/lib/armv7e-m/fpu/libg.a(lib_a-fvwrite.o)
                0x00000000080089c8                __sfvwrite_r
 .text._fwalk_reent
                0x0000000008008ce0       0x54 /usr/local/bin/../lib/gcc/arm-none-eabi/4.9.3/../../../../arm-none-eabi/lib/armv7e-m/fpu/libg.a(lib_a-fwalk.o)
                0x0000000008008ce0                _fwalk_reent
 .text.__locale_charset
                0x0000000008008d34        0x8 /usr/local/bin/../lib/gcc/arm-none-eabi/4.9.3/../../../../arm-none-eabi/lib/armv7e-m/fpu/libg.a(lib_a-locale.o)
                0x0000000008008d34                __locale_charset
 .text.__locale_mb_cur_max
                0x0000000008008d3c        0xc /usr/local/bin/../lib/gcc/arm-none-eabi/4.9.3/../../../../arm-none-eabi/lib/armv7e-m/fpu/libg.a(lib_a-locale.o)
                0x0000000008008d3c                __locale_mb_cur_max
 .text._localeconv_r
                0x0000000008008d48        0x8 /usr/local/bin/../lib/gcc/arm-none-eabi/4.9.3/../../../../arm-none-eabi/lib/armv7e-m/fpu/libg.a(lib_a-locale.o)
                0x0000000008008d48                _localeconv_r
 .text.__smakebuf_r
                0x0000000008008d50       0xe0 /usr/local/bin/../lib/gcc/arm-none-eabi/4.9.3/../../../../arm-none-eabi/lib/armv7e-m/fpu/libg.a(lib_a-makebuf.o)
                0x0000000008008d50                __smakebuf_r
 .text.malloc   0x0000000008008e30       0x10 /usr/local/bin/../lib/gcc/arm-none-eabi/4.9.3/../../../../arm-none-eabi/lib/armv7e-m/fpu/libg.a(lib_a-malloc.o)
                0x0000000008008e30                malloc
 .text._malloc_r
                0x0000000008008e40      0x524 /usr/local/bin/../lib/gcc/arm-none-eabi/4.9.3/../../../../arm-none-eabi/lib/armv7e-m/fpu/libg.a(lib_a-mallocr.o)
                0x0000000008008e40                _malloc_r
 .text.memchr   0x0000000008009364       0x94 /usr/local/bin/../lib/gcc/arm-none-eabi/4.9.3/../../../../arm-none-eabi/lib/armv7e-m/fpu/libg.a(lib_a-memchr.o)
                0x0000000008009364                memchr
 .text.memmove  0x00000000080093f8       0xc8 /usr/local/bin/../lib/gcc/arm-none-eabi/4.9.3/../../../../arm-none-eabi/lib/armv7e-m/fpu/libg.a(lib_a-memmove.o)
                0x00000000080093f8                memmove
 .text.__malloc_lock
                0x00000000080094c0        0x4 /usr/local/bin/../lib/gcc/arm-none-eabi/4.9.3/../../../../arm-none-eabi/lib/armv7e-m/fpu/libg.a(lib_a-mlock.o)
                0x00000000080094c0                __malloc_lock
 .text.__malloc_unlock
                0x00000000080094c4        0x4 /usr/local/bin/../lib/gcc/arm-none-eabi/4.9.3/../../../../arm-none-eabi/lib/armv7e-m/fpu/libg.a(lib_a-mlock.o)
                0x00000000080094c4                __malloc_unlock
 .text._Balloc  0x00000000080094c8       0x4c /usr/local/bin/../lib/gcc/arm-none-eabi/4.9.3/../../../../arm-none-eabi/lib/armv7e-m/fpu/libg.a(lib_a-mprec.o)
                0x00000000080094c8                _Balloc
 .text._Bfree   0x0000000008009514       0x14 /usr/local/bin/../lib/gcc/arm-none-eabi/4.9.3/../../../../arm-none-eabi/lib/armv7e-m/fpu/libg.a(lib_a-mprec.o)
                0x0000000008009514                _Bfree
 .text.__multadd
                0x0000000008009528       0x84 /usr/local/bin/../lib/gcc/arm-none-eabi/4.9.3/../../../../arm-none-eabi/lib/armv7e-m/fpu/libg.a(lib_a-mprec.o)
                0x0000000008009528                __multadd
 .text.__hi0bits
                0x00000000080095ac       0x40 /usr/local/bin/../lib/gcc/arm-none-eabi/4.9.3/../../../../arm-none-eabi/lib/armv7e-m/fpu/libg.a(lib_a-mprec.o)
                0x00000000080095ac                __hi0bits
 .text.__lo0bits
                0x00000000080095ec       0x5c /usr/local/bin/../lib/gcc/arm-none-eabi/4.9.3/../../../../arm-none-eabi/lib/armv7e-m/fpu/libg.a(lib_a-mprec.o)
                0x00000000080095ec                __lo0bits
 .text.__i2b    0x0000000008009648       0x14 /usr/local/bin/../lib/gcc/arm-none-eabi/4.9.3/../../../../arm-none-eabi/lib/armv7e-m/fpu/libg.a(lib_a-mprec.o)
                0x0000000008009648                __i2b
 .text.__multiply
                0x000000000800965c      0x134 /usr/local/bin/../lib/gcc/arm-none-eabi/4.9.3/../../../../arm-none-eabi/lib/armv7e-m/fpu/libg.a(lib_a-mprec.o)
                0x000000000800965c                __multiply
 .text.__pow5mult
                0x0000000008009790       0xa0 /usr/local/bin/../lib/gcc/arm-none-eabi/4.9.3/../../../../arm-none-eabi/lib/armv7e-m/fpu/libg.a(lib_a-mprec.o)
                0x0000000008009790                __pow5mult
 .text.__lshift
                0x0000000008009830       0xac /usr/local/bin/../lib/gcc/arm-none-eabi/4.9.3/../../../../arm-none-eabi/lib/armv7e-m/fpu/libg.a(lib_a-mprec.o)
                0x0000000008009830                __lshift
 .text.__mcmp   0x00000000080098dc       0x48 /usr/local/bin/../lib/gcc/arm-none-eabi/4.9.3/../../../../arm-none-eabi/lib/armv7e-m/fpu/libg.a(lib_a-mprec.o)
                0x00000000080098dc                __mcmp
 .text.__mdiff  0x0000000008009924       0xd4 /usr/local/bin/../lib/gcc/arm-none-eabi/4.9.3/../../../../arm-none-eabi/lib/armv7e-m/fpu/libg.a(lib_a-mprec.o)
                0x0000000008009924                __mdiff
 .text.__d2b    0x00000000080099f8       0xbc /usr/local/bin/../lib/gcc/arm-none-eabi/4.9.3/../../../../arm-none-eabi/lib/armv7e-m/fpu/libg.a(lib_a-mprec.o)
                0x00000000080099f8                __d2b
 .text._putc_r  0x0000000008009ab4       0x58 /usr/local/bin/../lib/gcc/arm-none-eabi/4.9.3/../../../../arm-none-eabi/lib/armv7e-m/fpu/libg.a(lib_a-putc.o)
                0x0000000008009ab4                _putc_r
 .text._realloc_r
                0x0000000008009b0c      0x3ec /usr/local/bin/../lib/gcc/arm-none-eabi/4.9.3/../../../../arm-none-eabi/lib/armv7e-m/fpu/libg.a(lib_a-reallocr.o)
                0x0000000008009b0c                _realloc_r
 .text.__fpclassifyd
                0x0000000008009ef8       0x5c /usr/local/bin/../lib/gcc/arm-none-eabi/4.9.3/../../../../arm-none-eabi/lib/armv7e-m/fpu/libg.a(lib_a-s_fpclassify.o)
                0x0000000008009ef8                __fpclassifyd
 .text.__sread  0x0000000008009f54       0x24 /usr/local/bin/../lib/gcc/arm-none-eabi/4.9.3/../../../../arm-none-eabi/lib/armv7e-m/fpu/libg.a(lib_a-stdio.o)
                0x0000000008009f54                __sread
 .text.__swrite
                0x0000000008009f78       0x38 /usr/local/bin/../lib/gcc/arm-none-eabi/4.9.3/../../../../arm-none-eabi/lib/armv7e-m/fpu/libg.a(lib_a-stdio.o)
                0x0000000008009f78                __swrite
 .text.__sseek  0x0000000008009fb0       0x20 /usr/local/bin/../lib/gcc/arm-none-eabi/4.9.3/../../../../arm-none-eabi/lib/armv7e-m/fpu/libg.a(lib_a-stdio.o)
                0x0000000008009fb0                __sseek
 .text.__sclose
                0x0000000008009fd0        0x8 /usr/local/bin/../lib/gcc/arm-none-eabi/4.9.3/../../../../arm-none-eabi/lib/armv7e-m/fpu/libg.a(lib_a-stdio.o)
                0x0000000008009fd0                __sclose
 .text.__sprint_r.part.0
                0x0000000008009fd8       0x78 /usr/local/bin/../lib/gcc/arm-none-eabi/4.9.3/../../../../arm-none-eabi/lib/armv7e-m/fpu/libg.a(lib_a-vfiprintf.o)
 .text.__sprint_r
                0x000000000800a050       0x18 /usr/local/bin/../lib/gcc/arm-none-eabi/4.9.3/../../../../arm-none-eabi/lib/armv7e-m/fpu/libg.a(lib_a-vfiprintf.o)
                0x000000000800a050                __sprint_r
 .text.__swbuf_r
                0x000000000800a068       0xa8 /usr/local/bin/../lib/gcc/arm-none-eabi/4.9.3/../../../../arm-none-eabi/lib/armv7e-m/fpu/libg.a(lib_a-wbuf.o)
                0x000000000800a068                __swbuf_r
 .text.__register_exitproc
                0x000000000800a110       0xa4 /usr/local/bin/../lib/gcc/arm-none-eabi/4.9.3/../../../../arm-none-eabi/lib/armv7e-m/fpu/libg.a(lib_a-__atexit.o)
                0x000000000800a110                __register_exitproc
 .text._calloc_r
                0x000000000800a1b4       0x60 /usr/local/bin/../lib/gcc/arm-none-eabi/4.9.3/../../../../arm-none-eabi/lib/armv7e-m/fpu/libg.a(lib_a-callocr.o)
                0x000000000800a1b4                _calloc_r
 .text._fclose_r
                0x000000000800a214       0x84 /usr/local/bin/../lib/gcc/arm-none-eabi/4.9.3/../../../../arm-none-eabi/lib/armv7e-m/fpu/libg.a(lib_a-fclose.o)
                0x000000000800a214                _fclose_r
 .text.__fputwc
                0x000000000800a298       0xb0 /usr/local/bin/../lib/gcc/arm-none-eabi/4.9.3/../../../../arm-none-eabi/lib/armv7e-m/fpu/libg.a(lib_a-fputwc.o)
                0x000000000800a298                __fputwc
 .text._fputwc_r
                0x000000000800a348       0x24 /usr/local/bin/../lib/gcc/arm-none-eabi/4.9.3/../../../../arm-none-eabi/lib/armv7e-m/fpu/libg.a(lib_a-fputwc.o)
                0x000000000800a348                _fputwc_r
 .text._wcrtomb_r
                0x000000000800a36c       0x54 /usr/local/bin/../lib/gcc/arm-none-eabi/4.9.3/../../../../arm-none-eabi/lib/armv7e-m/fpu/libg.a(lib_a-wcrtomb.o)
                0x000000000800a36c                _wcrtomb_r
 .text.__ascii_wctomb
                0x000000000800a3c0       0x1c /usr/local/bin/../lib/gcc/arm-none-eabi/4.9.3/../../../../arm-none-eabi/lib/armv7e-m/fpu/libg.a(lib_a-wctomb_r.o)
                0x000000000800a3c0                __ascii_wctomb
 *(.glue_7)
 .glue_7        0x0000000000000000        0x0 linker stubs
 *(.glue_7t)
 .glue_7t       0x0000000000000000        0x0 linker stubs
 *(.eh_frame)
 .eh_frame      0x000000000800a3dc        0x0 /usr/local/bin/../lib/gcc/arm-none-eabi/4.9.3/armv7e-m/fpu/crtbegin.o
 *(.init)
 .init          0x000000000800a3dc        0x4 /usr/local/bin/../lib/gcc/arm-none-eabi/4.9.3/armv7e-m/fpu/crti.o
                0x000000000800a3dc                _init
 .init          0x000000000800a3e0        0x8 /usr/local/bin/../lib/gcc/arm-none-eabi/4.9.3/armv7e-m/fpu/crtn.o
 *(.fini)
 .fini          0x000000000800a3e8        0x4 /usr/local/bin/../lib/gcc/arm-none-eabi/4.9.3/armv7e-m/fpu/crti.o
                0x000000000800a3e8                _fini
 .fini          0x000000000800a3ec        0x8 /usr/local/bin/../lib/gcc/arm-none-eabi/4.9.3/armv7e-m/fpu/crtn.o
                0x000000000800a3f4                . = ALIGN (0x4)
                0x000000000800a3f4                _etext = .

.vfp11_veneer   0x000000000800a3f4        0x0
 .vfp11_veneer  0x0000000000000000        0x0 linker stubs

.v4_bx          0x000000000800a3f4        0x0
 .v4_bx         0x0000000000000000        0x0 linker stubs

.iplt           0x000000000800a3f4        0x0
 .iplt          0x0000000000000000        0x0 /usr/local/bin/../lib/gcc/arm-none-eabi/4.9.3/armv7e-m/fpu/crtbegin.o

.rodata         0x000000000800a3f8     0xfb98
                0x000000000800a3f8                . = ALIGN (0x4)
 *(.rodata)
 .rodata        0x000000000800a3f8      0x494 build/decoder/STM32F30x_decoder.o
 *(.rodata*)
 .rodata.str1.1
                0x000000000800a88c      0x191 build/main.o
                                        0x198 (size before relaxing)
 .rodata.LEDs   0x000000000800aa1d        0x8 build/main.o
                0x000000000800aa1d                LEDs
 .rodata.str1.1
                0x000000000800aa25       0xc3 build/PWM.o
                                         0xc7 (size before relaxing)
 .rodata.str1.1
                0x000000000800aae8       0x3e build/coopTaskExecutive.o
 .rodata.str1.1
                0x000000000800ab26      0x1d7 build/coopTaskTest.o
 .rodata.str1.1
                0x000000000800acfd       0x5d build/mytest.o
 .rodata.str1.1
                0x000000000800ad5a       0x52 build/lcd2.o
                                         0x56 (size before relaxing)
 .rodata.str1.1
                0x000000000800adac       0x4b build/monitor.o
                                         0x4d (size before relaxing)
 .rodata.str1.1
                0x000000000800adf7       0xe1 build/parser.o
                                         0xe4 (size before relaxing)
 .rodata.__FUNCTION__.5824
                0x000000000800aed8        0x6 build/parser.o
 .rodata.str1.1
                0x000000000800aede      0x1fc build/dump.o
                                        0x1fe (size before relaxing)
 .rodata.str1.1
                0x000000000800b0da       0xaa build/terminal.o
                                         0xac (size before relaxing)
 .rodata.str1.1
                0x000000000800b184      0x51a build/decoder/decoder.o
                                        0x529 (size before relaxing)
 *fill*         0x000000000800b69e        0x2 
 .rodata.DMA1_registers
                0x000000000800b6a0      0x1e0 build/decoder/STM32F30x_decoder.o
                0x000000000800b6a0                DMA1_registers
 .rodata.SPI1_DR_fields
                0x000000000800b880        0x8 build/decoder/STM32F30x_decoder.o
                0x000000000800b880                SPI1_DR_fields
 .rodata.ADC1_2_CSR_fields
                0x000000000800b888       0xb0 build/decoder/STM32F30x_decoder.o
                0x000000000800b888                ADC1_2_CSR_fields
 .rodata.USB_FS_USB_EP3R_fields
                0x000000000800b938       0x50 build/decoder/STM32F30x_decoder.o
                0x000000000800b938                USB_FS_USB_EP3R_fields
 .rodata.GPIOB_PUPDR_fields
                0x000000000800b988       0x80 build/decoder/STM32F30x_decoder.o
                0x000000000800b988                GPIOB_PUPDR_fields
 .rodata.TSC_IOG8CR_fields
                0x000000000800ba08        0x8 build/decoder/STM32F30x_decoder.o
                0x000000000800ba08                TSC_IOG8CR_fields
 .rodata.TIM1_CCMR3_Output_fields
                0x000000000800ba10       0x50 build/decoder/STM32F30x_decoder.o
                0x000000000800ba10                TIM1_CCMR3_Output_fields
 .rodata.TIM1_SMCR_fields
                0x000000000800ba60       0x48 build/decoder/STM32F30x_decoder.o
                0x000000000800ba60                TIM1_SMCR_fields
 .rodata.RTC_SHIFTR_fields
                0x000000000800baa8       0x10 build/decoder/STM32F30x_decoder.o
                0x000000000800baa8                RTC_SHIFTR_fields
 .rodata.CAN_F24R1_fields
                0x000000000800bab8      0x100 build/decoder/STM32F30x_decoder.o
                0x000000000800bab8                CAN_F24R1_fields
 .rodata.RTC_TSDR_fields
                0x000000000800bbb8       0x28 build/decoder/STM32F30x_decoder.o
                0x000000000800bbb8                RTC_TSDR_fields
 .rodata.RTC_BKP22R_fields
                0x000000000800bbe0        0x8 build/decoder/STM32F30x_decoder.o
                0x000000000800bbe0                RTC_BKP22R_fields
 .rodata.TIM1_CCMR2_Output_fields
                0x000000000800bbe8       0x60 build/decoder/STM32F30x_decoder.o
                0x000000000800bbe8                TIM1_CCMR2_Output_fields
 .rodata.TIM17_RCR_fields
                0x000000000800bc48        0x8 build/decoder/STM32F30x_decoder.o
                0x000000000800bc48                TIM17_RCR_fields
 .rodata.EXTI_EMR1_fields
                0x000000000800bc50      0x100 build/decoder/STM32F30x_decoder.o
                0x000000000800bc50                EXTI_EMR1_fields
 .rodata.USB_FS_ISTR_fields
                0x000000000800bd50       0x50 build/decoder/STM32F30x_decoder.o
                0x000000000800bd50                USB_FS_ISTR_fields
 .rodata.I2C1_ICR_fields
                0x000000000800bda0       0x48 build/decoder/STM32F30x_decoder.o
                0x000000000800bda0                I2C1_ICR_fields
 .rodata.TIM16_ARR_fields
                0x000000000800bde8        0x8 build/decoder/STM32F30x_decoder.o
                0x000000000800bde8                TIM16_ARR_fields
 .rodata.RTC_ISR_fields
                0x000000000800bdf0       0x88 build/decoder/STM32F30x_decoder.o
                0x000000000800bdf0                RTC_ISR_fields
 .rodata.RTC_BKP27R_fields
                0x000000000800be78        0x8 build/decoder/STM32F30x_decoder.o
                0x000000000800be78                RTC_BKP27R_fields
 .rodata.TIM8_CCR6_fields
                0x000000000800be80        0x8 build/decoder/STM32F30x_decoder.o
                0x000000000800be80                TIM8_CCR6_fields
 .rodata.TIM17_BDTR_fields
                0x000000000800be88       0x48 build/decoder/STM32F30x_decoder.o
                0x000000000800be88                TIM17_BDTR_fields
 .rodata.TIM8_CCMR1_Input_fields
                0x000000000800bed0       0x30 build/decoder/STM32F30x_decoder.o
                0x000000000800bed0                TIM8_CCMR1_Input_fields
 .rodata.DAC_registers
                0x000000000800bf00       0xe0 build/decoder/STM32F30x_decoder.o
                0x000000000800bf00                DAC_registers
 .rodata.IWDG_WINR_fields
                0x000000000800bfe0        0x8 build/decoder/STM32F30x_decoder.o
                0x000000000800bfe0                IWDG_WINR_fields
 .rodata.CAN_F19R2_fields
                0x000000000800bfe8      0x100 build/decoder/STM32F30x_decoder.o
                0x000000000800bfe8                CAN_F19R2_fields
 .rodata.CAN_RF1R_fields
                0x000000000800c0e8       0x20 build/decoder/STM32F30x_decoder.o
                0x000000000800c0e8                CAN_RF1R_fields
 .rodata.RTC_CALR_fields
                0x000000000800c108       0x20 build/decoder/STM32F30x_decoder.o
                0x000000000800c108                RTC_CALR_fields
 .rodata.TIM2_SR_fields
                0x000000000800c128       0x50 build/decoder/STM32F30x_decoder.o
                0x000000000800c128                TIM2_SR_fields
 .rodata.SYSCFG_EXTICR2_fields
                0x000000000800c178       0x20 build/decoder/STM32F30x_decoder.o
                0x000000000800c178                SYSCFG_EXTICR2_fields
 .rodata.CAN_MCR_fields
                0x000000000800c198       0x50 build/decoder/STM32F30x_decoder.o
                0x000000000800c198                CAN_MCR_fields
 .rodata.TIM17_SR_fields
                0x000000000800c1e8       0x30 build/decoder/STM32F30x_decoder.o
                0x000000000800c1e8                TIM17_SR_fields
 .rodata.USART1_GTPR_fields
                0x000000000800c218       0x10 build/decoder/STM32F30x_decoder.o
                0x000000000800c218                USART1_GTPR_fields
 .rodata.DAC_DOR1_fields
                0x000000000800c228        0x8 build/decoder/STM32F30x_decoder.o
                0x000000000800c228                DAC_DOR1_fields
 .rodata.CAN_F1R1_fields
                0x000000000800c230      0x100 build/decoder/STM32F30x_decoder.o
                0x000000000800c230                CAN_F1R1_fields
 .rodata.CAN_FA1R_fields
                0x000000000800c330       0xe0 build/decoder/STM32F30x_decoder.o
                0x000000000800c330                CAN_FA1R_fields
 .rodata.RTC_BKP6R_fields
                0x000000000800c410        0x8 build/decoder/STM32F30x_decoder.o
                0x000000000800c410                RTC_BKP6R_fields
 .rodata.RCC_CFGR_fields
                0x000000000800c418       0x60 build/decoder/STM32F30x_decoder.o
                0x000000000800c418                RCC_CFGR_fields
 .rodata.PWR_CR_fields
                0x000000000800c478       0x38 build/decoder/STM32F30x_decoder.o
                0x000000000800c478                PWR_CR_fields
 .rodata.NVIC_ISER0_fields
                0x000000000800c4b0        0x8 build/decoder/STM32F30x_decoder.o
                0x000000000800c4b0                NVIC_ISER0_fields
 .rodata.DMA1_CPAR7_fields
                0x000000000800c4b8        0x8 build/decoder/STM32F30x_decoder.o
                0x000000000800c4b8                DMA1_CPAR7_fields
 .rodata.TSC_IOHCR_fields
                0x000000000800c4c0      0x100 build/decoder/STM32F30x_decoder.o
                0x000000000800c4c0                TSC_IOHCR_fields
 .rodata.CAN_F27R1_fields
                0x000000000800c5c0      0x100 build/decoder/STM32F30x_decoder.o
                0x000000000800c5c0                CAN_F27R1_fields
 .rodata.TIM6_ARR_fields
                0x000000000800c6c0        0x8 build/decoder/STM32F30x_decoder.o
                0x000000000800c6c0                TIM6_ARR_fields
 .rodata.CAN_F12R1_fields
                0x000000000800c6c8      0x100 build/decoder/STM32F30x_decoder.o
                0x000000000800c6c8                CAN_F12R1_fields
 .rodata.TIM15_DCR_fields
                0x000000000800c7c8       0x10 build/decoder/STM32F30x_decoder.o
                0x000000000800c7c8                TIM15_DCR_fields
 .rodata.NVIC_IPR18_fields
                0x000000000800c7d8       0x20 build/decoder/STM32F30x_decoder.o
                0x000000000800c7d8                NVIC_IPR18_fields
 .rodata.RTC_BKP13R_fields
                0x000000000800c7f8        0x8 build/decoder/STM32F30x_decoder.o
                0x000000000800c7f8                RTC_BKP13R_fields
 .rodata.CAN_BTR_fields
                0x000000000800c800       0x30 build/decoder/STM32F30x_decoder.o
                0x000000000800c800                CAN_BTR_fields
 .rodata.TIM15_BDTR_fields
                0x000000000800c830       0x48 build/decoder/STM32F30x_decoder.o
                0x000000000800c830                TIM15_BDTR_fields
 .rodata.NVIC_IPR1_fields
                0x000000000800c878       0x20 build/decoder/STM32F30x_decoder.o
                0x000000000800c878                NVIC_IPR1_fields
 .rodata.TIM15_PSC_fields
                0x000000000800c898        0x8 build/decoder/STM32F30x_decoder.o
                0x000000000800c898                TIM15_PSC_fields
 .rodata.Flash_ACR_fields
                0x000000000800c8a0       0x18 build/decoder/STM32F30x_decoder.o
                0x000000000800c8a0                Flash_ACR_fields
 .rodata.TIM17_CCMR1_Output_fields
                0x000000000800c8b8       0x28 build/decoder/STM32F30x_decoder.o
                0x000000000800c8b8                TIM17_CCMR1_Output_fields
 .rodata.TIM2_ARR_fields
                0x000000000800c8e0       0x10 build/decoder/STM32F30x_decoder.o
                0x000000000800c8e0                TIM2_ARR_fields
 .rodata.Flash_registers
                0x000000000800c8f0       0x80 build/decoder/STM32F30x_decoder.o
                0x000000000800c8f0                Flash_registers
 .rodata.CAN_TDH0R_fields
                0x000000000800c970       0x20 build/decoder/STM32F30x_decoder.o
                0x000000000800c970                CAN_TDH0R_fields
 .rodata.TIM1_DCR_fields
                0x000000000800c990       0x10 build/decoder/STM32F30x_decoder.o
                0x000000000800c990                TIM1_DCR_fields
 .rodata.CAN_TI2R_fields
                0x000000000800c9a0       0x28 build/decoder/STM32F30x_decoder.o
                0x000000000800c9a0                CAN_TI2R_fields
 .rodata.ADC1_IER_fields
                0x000000000800c9c8       0x58 build/decoder/STM32F30x_decoder.o
                0x000000000800c9c8                ADC1_IER_fields
 .rodata.NVIC_ICPR2_fields
                0x000000000800ca20        0x8 build/decoder/STM32F30x_decoder.o
                0x000000000800ca20                NVIC_ICPR2_fields
 .rodata.EXTI_IMR1_fields
                0x000000000800ca28      0x100 build/decoder/STM32F30x_decoder.o
                0x000000000800ca28                EXTI_IMR1_fields
 .rodata.TSC_IOASCR_fields
                0x000000000800cb28      0x100 build/decoder/STM32F30x_decoder.o
                0x000000000800cb28                TSC_IOASCR_fields
 .rodata.RCC_CFGR2_fields
                0x000000000800cc28       0x18 build/decoder/STM32F30x_decoder.o
                0x000000000800cc28                RCC_CFGR2_fields
 .rodata.TIM1_PSC_fields
                0x000000000800cc40        0x8 build/decoder/STM32F30x_decoder.o
                0x000000000800cc40                TIM1_PSC_fields
 .rodata.Flash_KEYR_fields
                0x000000000800cc48        0x8 build/decoder/STM32F30x_decoder.o
                0x000000000800cc48                Flash_KEYR_fields
 .rodata.TIM8_CR2_fields
                0x000000000800cc50       0x78 build/decoder/STM32F30x_decoder.o
                0x000000000800cc50                TIM8_CR2_fields
 .rodata.ADC1_CFGR_fields
                0x000000000800ccc8       0x98 build/decoder/STM32F30x_decoder.o
                0x000000000800ccc8                ADC1_CFGR_fields
 .rodata.TIM17_EGR_fields
                0x000000000800cd60       0x28 build/decoder/STM32F30x_decoder.o
                0x000000000800cd60                TIM17_EGR_fields
 .rodata.TSC_IOGCSR_fields
                0x000000000800cd88       0x80 build/decoder/STM32F30x_decoder.o
                0x000000000800cd88                TSC_IOGCSR_fields
 .rodata.NVIC_IPR0_fields
                0x000000000800ce08       0x20 build/decoder/STM32F30x_decoder.o
                0x000000000800ce08                NVIC_IPR0_fields
 .rodata.NVIC_IPR8_fields
                0x000000000800ce28       0x20 build/decoder/STM32F30x_decoder.o
                0x000000000800ce28                NVIC_IPR8_fields
 .rodata.RTC_WUTR_fields
                0x000000000800ce48        0x8 build/decoder/STM32F30x_decoder.o
                0x000000000800ce48                RTC_WUTR_fields
 .rodata.GPIOB_OSPEEDR_fields
                0x000000000800ce50       0x80 build/decoder/STM32F30x_decoder.o
                0x000000000800ce50                GPIOB_OSPEEDR_fields
 .rodata.ADC1_ISR_fields
                0x000000000800ced0       0x58 build/decoder/STM32F30x_decoder.o
                0x000000000800ced0                ADC1_ISR_fields
 .rodata.NVIC_ICER1_fields
                0x000000000800cf28        0x8 build/decoder/STM32F30x_decoder.o
                0x000000000800cf28                NVIC_ICER1_fields
 .rodata.RTC_BKP7R_fields
                0x000000000800cf30        0x8 build/decoder/STM32F30x_decoder.o
                0x000000000800cf30                RTC_BKP7R_fields
 .rodata.CAN_RF0R_fields
                0x000000000800cf38       0x20 build/decoder/STM32F30x_decoder.o
                0x000000000800cf38                CAN_RF0R_fields
 .rodata.CAN_FS1R_fields
                0x000000000800cf58       0xe0 build/decoder/STM32F30x_decoder.o
                0x000000000800cf58                CAN_FS1R_fields
 .rodata.GPIOA_AFRL_fields
                0x000000000800d038       0x40 build/decoder/STM32F30x_decoder.o
                0x000000000800d038                GPIOA_AFRL_fields
 .rodata.DMA1_CMAR3_fields
                0x000000000800d078        0x8 build/decoder/STM32F30x_decoder.o
                0x000000000800d078                DMA1_CMAR3_fields
 .rodata.ADC1_SQR1_fields
                0x000000000800d080       0x28 build/decoder/STM32F30x_decoder.o
                0x000000000800d080                ADC1_SQR1_fields
 .rodata.CAN_F15R2_fields
                0x000000000800d0a8      0x100 build/decoder/STM32F30x_decoder.o
                0x000000000800d0a8                CAN_F15R2_fields
 .rodata.TIM2_DMAR_fields
                0x000000000800d1a8        0x8 build/decoder/STM32F30x_decoder.o
                0x000000000800d1a8                TIM2_DMAR_fields
 .rodata.I2C1_TIMEOUTR_fields
                0x000000000800d1b0       0x28 build/decoder/STM32F30x_decoder.o
                0x000000000800d1b0                I2C1_TIMEOUTR_fields
 .rodata.GPIOB_LCKR_fields
                0x000000000800d1d8       0x88 build/decoder/STM32F30x_decoder.o
                0x000000000800d1d8                GPIOB_LCKR_fields
 .rodata.DAC_DHR8R1_fields
                0x000000000800d260        0x8 build/decoder/STM32F30x_decoder.o
                0x000000000800d260                DAC_DHR8R1_fields
 .rodata.TIM1_CCMR1_Output_fields
                0x000000000800d268       0x60 build/decoder/STM32F30x_decoder.o
                0x000000000800d268                TIM1_CCMR1_Output_fields
 .rodata.TIM1_CCR2_fields
                0x000000000800d2c8        0x8 build/decoder/STM32F30x_decoder.o
                0x000000000800d2c8                TIM1_CCR2_fields
 .rodata.TIM1_OR_fields
                0x000000000800d2d0       0x10 build/decoder/STM32F30x_decoder.o
                0x000000000800d2d0                TIM1_OR_fields
 .rodata.USART1_TDR_fields
                0x000000000800d2e0        0x8 build/decoder/STM32F30x_decoder.o
                0x000000000800d2e0                USART1_TDR_fields
 .rodata.NVIC_STIR_fields
                0x000000000800d2e8        0x8 build/decoder/STM32F30x_decoder.o
                0x000000000800d2e8                NVIC_STIR_fields
 .rodata.USB_FS_USB_EP7R_fields
                0x000000000800d2f0       0x50 build/decoder/STM32F30x_decoder.o
                0x000000000800d2f0                USB_FS_USB_EP7R_fields
 .rodata.ADC1_SQR4_fields
                0x000000000800d340       0x10 build/decoder/STM32F30x_decoder.o
                0x000000000800d340                ADC1_SQR4_fields
 .rodata.SYSCFG_registers
                0x000000000800d350       0x70 build/decoder/STM32F30x_decoder.o
                0x000000000800d350                SYSCFG_registers
 .rodata.PWR_CSR_fields
                0x000000000800d3c0       0x28 build/decoder/STM32F30x_decoder.o
                0x000000000800d3c0                PWR_CSR_fields
 .rodata.GPIOB_AFRH_fields
                0x000000000800d3e8       0x40 build/decoder/STM32F30x_decoder.o
                0x000000000800d3e8                GPIOB_AFRH_fields
 .rodata.FPU_FPCCR_fields
                0x000000000800d428       0x48 build/decoder/STM32F30x_decoder.o
                0x000000000800d428                FPU_FPCCR_fields
 .rodata.DBGMCU_APB2FZ_fields
                0x000000000800d470       0x20 build/decoder/STM32F30x_decoder.o
                0x000000000800d470                DBGMCU_APB2FZ_fields
 .rodata.TIM8_CCR1_fields
                0x000000000800d490        0x8 build/decoder/STM32F30x_decoder.o
                0x000000000800d490                TIM8_CCR1_fields
 .rodata.WWDG_SR_fields
                0x000000000800d498        0x8 build/decoder/STM32F30x_decoder.o
                0x000000000800d498                WWDG_SR_fields
 .rodata.TIM16_DIER_fields
                0x000000000800d4a0       0x48 build/decoder/STM32F30x_decoder.o
                0x000000000800d4a0                TIM16_DIER_fields
 .rodata.TIM1_CCR5_fields
                0x000000000800d4e8       0x20 build/decoder/STM32F30x_decoder.o
                0x000000000800d4e8                TIM1_CCR5_fields
 .rodata.TIM8_BDTR_fields
                0x000000000800d508       0x60 build/decoder/STM32F30x_decoder.o
                0x000000000800d508                TIM8_BDTR_fields
 .rodata.Flash_CR_fields
                0x000000000800d568       0x58 build/decoder/STM32F30x_decoder.o
                0x000000000800d568                Flash_CR_fields
 .rodata.TIM1_DIER_fields
                0x000000000800d5c0       0x78 build/decoder/STM32F30x_decoder.o
                0x000000000800d5c0                TIM1_DIER_fields
 .rodata.RTC_BKP26R_fields
                0x000000000800d638        0x8 build/decoder/STM32F30x_decoder.o
                0x000000000800d638                RTC_BKP26R_fields
 .rodata.Flash_OBR_fields
                0x000000000800d640       0x58 build/decoder/STM32F30x_decoder.o
                0x000000000800d640                Flash_OBR_fields
 .rodata.ADC1_AWD2CR_fields
                0x000000000800d698        0x8 build/decoder/STM32F30x_decoder.o
                0x000000000800d698                ADC1_AWD2CR_fields
 .rodata.FPU_registers
                0x000000000800d6a0       0x60 build/decoder/STM32F30x_decoder.o
                0x000000000800d6a0                FPU_registers
 .rodata.DAC_CR_fields
                0x000000000800d700       0x80 build/decoder/STM32F30x_decoder.o
                0x000000000800d700                DAC_CR_fields
 .rodata.NVIC_IPR10_fields
                0x000000000800d780       0x20 build/decoder/STM32F30x_decoder.o
                0x000000000800d780                NVIC_IPR10_fields
 .rodata.TIM15_CCR1_fields
                0x000000000800d7a0        0x8 build/decoder/STM32F30x_decoder.o
                0x000000000800d7a0                TIM15_CCR1_fields
 .rodata.RTC_ALRMAR_fields
                0x000000000800d7a8       0x70 build/decoder/STM32F30x_decoder.o
                0x000000000800d7a8                RTC_ALRMAR_fields
 .rodata.GPIOA_BSRR_fields
                0x000000000800d818      0x100 build/decoder/STM32F30x_decoder.o
                0x000000000800d818                GPIOA_BSRR_fields
 .rodata.TIM16_SR_fields
                0x000000000800d918       0x30 build/decoder/STM32F30x_decoder.o
                0x000000000800d918                TIM16_SR_fields
 .rodata.CAN_F6R1_fields
                0x000000000800d948      0x100 build/decoder/STM32F30x_decoder.o
                0x000000000800d948                CAN_F6R1_fields
 .rodata.ADC1_OFR1_fields
                0x000000000800da48       0x18 build/decoder/STM32F30x_decoder.o
                0x000000000800da48                ADC1_OFR1_fields
 .rodata.TIM15_CR1_fields
                0x000000000800da60       0x38 build/decoder/STM32F30x_decoder.o
                0x000000000800da60                TIM15_CR1_fields
 .rodata.NVIC_IABR2_fields
                0x000000000800da98        0x8 build/decoder/STM32F30x_decoder.o
                0x000000000800da98                NVIC_IABR2_fields
 .rodata.DMA1_CCR2_fields
                0x000000000800daa0       0x60 build/decoder/STM32F30x_decoder.o
                0x000000000800daa0                DMA1_CCR2_fields
 .rodata.NVIC_IPR13_fields
                0x000000000800db00       0x20 build/decoder/STM32F30x_decoder.o
                0x000000000800db00                NVIC_IPR13_fields
 .rodata.CAN_F22R2_fields
                0x000000000800db20      0x100 build/decoder/STM32F30x_decoder.o
                0x000000000800db20                CAN_F22R2_fields
 .rodata.CAN_F0R2_fields
                0x000000000800dc20      0x100 build/decoder/STM32F30x_decoder.o
                0x000000000800dc20                CAN_F0R2_fields
 .rodata.RTC_BKP0R_fields
                0x000000000800dd20        0x8 build/decoder/STM32F30x_decoder.o
                0x000000000800dd20                RTC_BKP0R_fields
 .rodata.CAN_F19R1_fields
                0x000000000800dd28      0x100 build/decoder/STM32F30x_decoder.o
                0x000000000800dd28                CAN_F19R1_fields
 .rodata.DMA1_IFCR_fields
                0x000000000800de28       0xe0 build/decoder/STM32F30x_decoder.o
                0x000000000800de28                DMA1_IFCR_fields
 .rodata.TIM16_CCMR1_Input_fields
                0x000000000800df08       0x18 build/decoder/STM32F30x_decoder.o
                0x000000000800df08                TIM16_CCMR1_Input_fields
 .rodata.TIM2_SMCR_fields
                0x000000000800df20       0x48 build/decoder/STM32F30x_decoder.o
                0x000000000800df20                TIM2_SMCR_fields
 .rodata.CAN_TDT1R_fields
                0x000000000800df68       0x18 build/decoder/STM32F30x_decoder.o
                0x000000000800df68                CAN_TDT1R_fields
 .rodata.COMP_COMP6_CSR_fields
                0x000000000800df80       0x58 build/decoder/STM32F30x_decoder.o
                0x000000000800df80                COMP_COMP6_CSR_fields
 .rodata.I2C1_CR2_fields
                0x000000000800dfd8       0x68 build/decoder/STM32F30x_decoder.o
                0x000000000800dfd8                I2C1_CR2_fields
 .rodata.TIM1_CR1_fields
                0x000000000800e040       0x48 build/decoder/STM32F30x_decoder.o
                0x000000000800e040                TIM1_CR1_fields
 .rodata.CAN_F26R2_fields
                0x000000000800e088      0x100 build/decoder/STM32F30x_decoder.o
                0x000000000800e088                CAN_F26R2_fields
 .rodata.RTC_BKP10R_fields
                0x000000000800e188        0x8 build/decoder/STM32F30x_decoder.o
                0x000000000800e188                RTC_BKP10R_fields
 .rodata.DMA1_CMAR6_fields
                0x000000000800e190        0x8 build/decoder/STM32F30x_decoder.o
                0x000000000800e190                DMA1_CMAR6_fields
 .rodata.CAN_F11R2_fields
                0x000000000800e198      0x100 build/decoder/STM32F30x_decoder.o
                0x000000000800e198                CAN_F11R2_fields
 .rodata.NVIC_IPR20_fields
                0x000000000800e298       0x20 build/decoder/STM32F30x_decoder.o
                0x000000000800e298                NVIC_IPR20_fields
 .rodata.ADC1_DR_fields
                0x000000000800e2b8        0x8 build/decoder/STM32F30x_decoder.o
                0x000000000800e2b8                ADC1_DR_fields
 .rodata.CAN_F16R1_fields
                0x000000000800e2c0      0x100 build/decoder/STM32F30x_decoder.o
                0x000000000800e2c0                CAN_F16R1_fields
 .rodata.TSC_registers
                0x000000000800e3c0      0x110 build/decoder/STM32F30x_decoder.o
                0x000000000800e3c0                TSC_registers
 .rodata.ADC1_registers
                0x000000000800e4d0      0x1b0 build/decoder/STM32F30x_decoder.o
                0x000000000800e4d0                ADC1_registers
 .rodata.TIM17_CR2_fields
                0x000000000800e680       0x28 build/decoder/STM32F30x_decoder.o
                0x000000000800e680                TIM17_CR2_fields
 .rodata.PWR_registers
                0x000000000800e6a8       0x20 build/decoder/STM32F30x_decoder.o
                0x000000000800e6a8                PWR_registers
 .rodata.TIM8_ARR_fields
                0x000000000800e6c8        0x8 build/decoder/STM32F30x_decoder.o
                0x000000000800e6c8                TIM8_ARR_fields
 .rodata.EXTI_RTSR1_fields
                0x000000000800e6d0       0xd0 build/decoder/STM32F30x_decoder.o
                0x000000000800e6d0                EXTI_RTSR1_fields
 .rodata.RCC_APB2ENR_fields
                0x000000000800e7a0       0x40 build/decoder/STM32F30x_decoder.o
                0x000000000800e7a0                RCC_APB2ENR_fields
 .rodata.NVIC_IPR3_fields
                0x000000000800e7e0       0x20 build/decoder/STM32F30x_decoder.o
                0x000000000800e7e0                NVIC_IPR3_fields
 .rodata.I2C1_TIMINGR_fields
                0x000000000800e800       0x28 build/decoder/STM32F30x_decoder.o
                0x000000000800e800                I2C1_TIMINGR_fields
 .rodata.USART1_CR1_fields
                0x000000000800e828       0xa0 build/decoder/STM32F30x_decoder.o
                0x000000000800e828                USART1_CR1_fields
 .rodata.USART1_RDR_fields
                0x000000000800e8c8        0x8 build/decoder/STM32F30x_decoder.o
                0x000000000800e8c8                USART1_RDR_fields
 .rodata.CAN_F13R1_fields
                0x000000000800e8d0      0x100 build/decoder/STM32F30x_decoder.o
                0x000000000800e8d0                CAN_F13R1_fields
 .rodata.RCC_CSR_fields
                0x000000000800e9d0       0x50 build/decoder/STM32F30x_decoder.o
                0x000000000800e9d0                RCC_CSR_fields
 .rodata.NVIC_IABR0_fields
                0x000000000800ea20        0x8 build/decoder/STM32F30x_decoder.o
                0x000000000800ea20                NVIC_IABR0_fields
 .rodata.TIM2_EGR_fields
                0x000000000800ea28       0x30 build/decoder/STM32F30x_decoder.o
                0x000000000800ea28                TIM2_EGR_fields
 .rodata.USART1_CR3_fields
                0x000000000800ea58       0x98 build/decoder/STM32F30x_decoder.o
                0x000000000800ea58                USART1_CR3_fields
 .rodata.TIM2_DIER_fields
                0x000000000800eaf0       0x60 build/decoder/STM32F30x_decoder.o
                0x000000000800eaf0                TIM2_DIER_fields
 .rodata.CAN_MSR_fields
                0x000000000800eb50       0x48 build/decoder/STM32F30x_decoder.o
                0x000000000800eb50                CAN_MSR_fields
 .rodata.DAC_DHR12L1_fields
                0x000000000800eb98        0x8 build/decoder/STM32F30x_decoder.o
                0x000000000800eb98                DAC_DHR12L1_fields
 .rodata.FPU_MVFR0_fields
                0x000000000800eba0       0x40 build/decoder/STM32F30x_decoder.o
                0x000000000800eba0                FPU_MVFR0_fields
 .rodata.SPI1_CR1_fields
                0x000000000800ebe0       0x70 build/decoder/STM32F30x_decoder.o
                0x000000000800ebe0                SPI1_CR1_fields
 .rodata.EXTI_registers
                0x000000000800ec50       0xc0 build/decoder/STM32F30x_decoder.o
                0x000000000800ec50                EXTI_registers
 .rodata.USB_FS_DADDR_fields
                0x000000000800ed10       0x40 build/decoder/STM32F30x_decoder.o
                0x000000000800ed10                USB_FS_DADDR_fields